

=======================================
Pre-LTO Map records

=======================================
Archive member included because of file (symbol)
/pkg/qct/software/llvm/release/riscv/11.0.4/ubuntu/bin/../bin//../riscv32-unknown-elf/libc/lib/libc.a(__libc_start_main.o)
		/pkg/qct/software/llvm/release/riscv/11.0.4/ubuntu/bin/../bin//../riscv32-unknown-elf/libc/lib/crt1.o (__libc_start_main)
/pkg/qct/software/llvm/release/riscv/11.0.4/ubuntu/bin/../bin//../riscv32-unknown-elf/libc/lib/libc.a(exit.o)
		/pkg/qct/software/llvm/release/riscv/11.0.4/ubuntu/bin/../bin//../riscv32-unknown-elf/libc/lib/libc.a(__libc_start_main.o) (exit)
/pkg/qct/software/llvm/release/riscv/11.0.4/ubuntu/bin/../bin//../riscv32-unknown-elf/libc/lib/libc.a(_Exit.o)
		/pkg/qct/software/llvm/release/riscv/11.0.4/ubuntu/bin/../bin//../riscv32-unknown-elf/libc/lib/libc.a(exit.o) (_Exit)

Linker Script and memory map
START GROUP
LOAD /local/mnt/workspace/CRMBuilds/e68a4a61-a213-45bf-0ec1-08dc4a24af2c/b/HY11_1/aop_proc/core/settings/pmic/config/palawan/pm_config_target.o [Bitcode]
LOAD /local/mnt/workspace/CRMBuilds/e68a4a61-a213-45bf-0ec1-08dc4a24af2c/b/HY11_1/aop_proc/core/settings/pmic/config/palawan/pm_config_dep.o [Bitcode]
LOAD /local/mnt/workspace/CRMBuilds/e68a4a61-a213-45bf-0ec1-08dc4a24af2c/b/HY11_1/aop_proc/core/bsp/aop/src/devcfg_main.o [Bitcode]
LOAD /local/mnt/workspace/CRMBuilds/e68a4a61-a213-45bf-0ec1-08dc4a24af2c/b/HY11_1/aop_proc/core/bsp/aop/build/aop_settings_autogen.o [Bitcode]
LOAD /pkg/qct/software/llvm/release/riscv/11.0.4/ubuntu/bin/../bin//../riscv32-unknown-elf/libc/lib/crt1.o[RVC]
LOAD /pkg/qct/software/llvm/release/riscv/11.0.4/ubuntu/bin/../bin//../riscv32-unknown-elf/libc/lib/libc.a(__libc_start_main.o)[RVC]
LOAD /pkg/qct/software/llvm/release/riscv/11.0.4/ubuntu/bin/../bin//../riscv32-unknown-elf/libc/lib/libc.a(exit.o)[RVC]
LOAD /pkg/qct/software/llvm/release/riscv/11.0.4/ubuntu/bin/../bin//../riscv32-unknown-elf/libc/lib/libc.a(_Exit.o)[RVC]
END GROUP


=======================================
Post-LTO Map records
=======================================
# Linker from Snapdragon LLVM RISCV Compiler Version 11.0.4
# Linker based on LLVM version: 11.0
# Notable linker command/script options:
# CPU Architecture Version: 
# Target triple environment for the link: gnu
# Maximum GP size: 8
# Link type: Static
# LTO Flag: Enabled
# LTO Options: codegen
# ABI Page Size: 0x1000
# CommandLine : /pkg/qct/software/llvm/release/riscv/11.0.4/ubuntu/bin/../bin/riscv-link -m elf32lriscv -flto-options=codegen=-relocation-model=static -flto-options=codegen=-mattr=+m -flto-options=codegen=-mattr=+c -flto-options=codegen=-mattr=+relax -flto-options=codegen=-mattr=-save-restore -flto-options=codegen=-mattr=+clic-mode -flto-options=codegen=-target-abi=ilp32 -flto-options=codegen=-function-sections -flto-options=codegen=-data-sections -flto-options=codegen=-lto-prep -flto-options=codegen=-disable-lto-loop-vectorization -flto-options=codegen=-lto-new -flto -L/pkg/qct/software/llvm/release/riscv/11.0.4/ubuntu/bin/../bin//../riscv32-unknown-elf/libc/lib -L/pkg/qct/software/llvm/release/riscv/11.0.4/ubuntu/bin/../bin//../lib/clang/11.0.4/lib/baremetal -Map /local/mnt/workspace/CRMBuilds/e68a4a61-a213-45bf-0ec1-08dc4a24af2c/b/HY11_1/aop_proc/core/bsp/aop/build/AOP_AAAAANAZO_devcfg.map -T /local/mnt/workspace/CRMBuilds/e68a4a61-a213-45bf-0ec1-08dc4a24af2c/b/HY11_1/aop_proc/core/bsp/aop/build/AOP_AAAAANAZO_devcfg.scl --gc-sections --symdef-file /local/mnt/workspace/CRMBuilds/e68a4a61-a213-45bf-0ec1-08dc4a24af2c/b/HY11_1/aop_proc/core/bsp/aop/build/AOP_AAAAANAZO_devcfg.sym --start-group /local/mnt/workspace/CRMBuilds/e68a4a61-a213-45bf-0ec1-08dc4a24af2c/b/HY11_1/aop_proc/core/settings/pmic/config/palawan/pm_config_target.o /local/mnt/workspace/CRMBuilds/e68a4a61-a213-45bf-0ec1-08dc4a24af2c/b/HY11_1/aop_proc/core/settings/pmic/config/palawan/pm_config_dep.o /local/mnt/workspace/CRMBuilds/e68a4a61-a213-45bf-0ec1-08dc4a24af2c/b/HY11_1/aop_proc/core/bsp/aop/src/devcfg_main.o /local/mnt/workspace/CRMBuilds/e68a4a61-a213-45bf-0ec1-08dc4a24af2c/b/HY11_1/aop_proc/core/bsp/aop/build/aop_settings_autogen.o /pkg/qct/software/llvm/release/riscv/11.0.4/ubuntu/bin/../bin//../riscv32-unknown-elf/libc/lib/crt1.o -lc -lclang_rt.builtins-riscv32 --end-group --wrap malloc --wrap free --wrap realloc --wrap calloc -o /local/mnt/workspace/CRMBuilds/e68a4a61-a213-45bf-0ec1-08dc4a24af2c/b/HY11_1/aop_proc/core/bsp/aop/build/AOP_AAAAANAZO_devcfg.elf 
# LinkStats Begin
# ObjectFiles : 4
# LinkerScripts : 1
# ArchiveFiles : 4
# GroupTraversals : 6
# BitcodeFiles : 4
# SectionsGarbageCollected : 10
# NumLinkerScriptRules : 13
# NumOutputSections : 14
# NumOrphans : 10
# NoRuleMatches : 22
# LinkStats End

Linker Script and memory map
LOAD /tmp/llvm-lto-884452.o[RVC]
SKIPPED /local/mnt/workspace/CRMBuilds/e68a4a61-a213-45bf-0ec1-08dc4a24af2c/b/HY11_1/aop_proc/core/bsp/aop/build/AOP_AAAAANAZO_devcfg.scl (GNULinkerScript)
START GROUP
SKIPPED /pkg/qct/software/llvm/release/riscv/11.0.4/ubuntu/bin/../bin//../riscv32-unknown-elf/libc/lib/crt1.o (ELF)
SKIPPED (Rescan) /pkg/qct/software/llvm/release/riscv/11.0.4/ubuntu/bin/../bin//../riscv32-unknown-elf/libc/lib/libc.a (ELF)
SKIPPED (Rescan) /pkg/qct/software/llvm/release/riscv/11.0.4/ubuntu/bin/../bin//../lib/clang/11.0.4/lib/baremetal/libclang_rt.builtins-riscv32.a (ELF)
END GROUP

Linker scripts used (including INCLUDE command)
/local/mnt/workspace/CRMBuilds/e68a4a61-a213-45bf-0ec1-08dc4a24af2c/b/HY11_1/aop_proc/core/bsp/aop/build/AOP_AAAAANAZO_devcfg.scl
Linker Plugin Information
Linker Plugin Run Information

# Output Section and Layout 

AOPSS_DEVCFG_DATA_TOP	0x81c80000	0xc # Offset: 0x1000, LMA: 0x81c80000, Alignment: 0x4
*(aop_devcfg_top_sec ) #Rule 1, /local/mnt/workspace/CRMBuilds/e68a4a61-a213-45bf-0ec1-08dc4a24af2c/b/HY11_1/aop_proc/core/bsp/aop/build/AOP_AAAAANAZO_devcfg.scl [2:0]
aop_devcfg_top_sec	0x81c80000	0xc	/local/mnt/workspace/CRMBuilds/e68a4a61-a213-45bf-0ec1-08dc4a24af2c/b/HY11_1/aop_proc/core/bsp/aop/build/aop_settings_autogen.o	#SHT_PROGBITS,SHF_ALLOC|SHF_WRITE,4,/tmp/llvm-lto-884452.o
	0x81c80000		aop_devcfg_top
*(AOPSS_DEVCFG_DATA_TOP ) #Rule 2, Internal-LinkerScript (Implicit rule inserted by Linker) [0:0]

AOPSS_DEVCFG_DATA_REST	0x81c8000c	0x1e6c # Offset: 0x100c, LMA: 0x81c8000c, Alignment: 0x4
*(.data .data* ) #Rule 3, /local/mnt/workspace/CRMBuilds/e68a4a61-a213-45bf-0ec1-08dc4a24af2c/b/HY11_1/aop_proc/core/bsp/aop/build/AOP_AAAAANAZO_devcfg.scl [15:0]
.data.num_of_ldo	0x81c8000c	0x38	/local/mnt/workspace/CRMBuilds/e68a4a61-a213-45bf-0ec1-08dc4a24af2c/b/HY11_1/aop_proc/core/settings/pmic/config/palawan/pm_config_target.o	#SHT_PROGBITS,SHF_ALLOC|SHF_WRITE,4,/tmp/llvm-lto-884452.o
	0x81c8000c		num_of_ldo
.data.num_of_smps	0x81c80044	0x28	/local/mnt/workspace/CRMBuilds/e68a4a61-a213-45bf-0ec1-08dc4a24af2c/b/HY11_1/aop_proc/core/settings/pmic/config/palawan/pm_config_target.o	#SHT_PROGBITS,SHF_ALLOC|SHF_WRITE,4,/tmp/llvm-lto-884452.o
	0x81c80044		num_of_smps
.data.num_of_bob	0x81c8006c	0x34	/local/mnt/workspace/CRMBuilds/e68a4a61-a213-45bf-0ec1-08dc4a24af2c/b/HY11_1/aop_proc/core/settings/pmic/config/palawan/pm_config_target.o	#SHT_PROGBITS,SHF_ALLOC|SHF_WRITE,4,/tmp/llvm-lto-884452.o
	0x81c8006c		num_of_bob
.data.num_of_pstm_seq	0x81c800a0	0x38	/local/mnt/workspace/CRMBuilds/e68a4a61-a213-45bf-0ec1-08dc4a24af2c/b/HY11_1/aop_proc/core/settings/pmic/config/palawan/pm_config_target.o	#SHT_PROGBITS,SHF_ALLOC|SHF_WRITE,4,/tmp/llvm-lto-884452.o
	0x81c800a0		num_of_pstm_seq
.data.devices	0x81c800d8	0x30	/local/mnt/workspace/CRMBuilds/e68a4a61-a213-45bf-0ec1-08dc4a24af2c/b/HY11_1/aop_proc/core/bsp/aop/build/aop_settings_autogen.o	#SHT_PROGBITS,SHF_ALLOC|SHF_WRITE,4,/tmp/llvm-lto-884452.o
	0x81c800d8		devices	#(Bitcode origin:/local/mnt/workspace/CRMBuilds/e68a4a61-a213-45bf-0ec1-08dc4a24af2c/b/HY11_1/aop_proc/core/bsp/aop/build/aop_settings_autogen.o)
.data.pmic_prop_arr	0x81c80108	0xb0	/local/mnt/workspace/CRMBuilds/e68a4a61-a213-45bf-0ec1-08dc4a24af2c/b/HY11_1/aop_proc/core/bsp/aop/build/aop_settings_autogen.o	#SHT_PROGBITS,SHF_ALLOC|SHF_WRITE,4,/tmp/llvm-lto-884452.o
	0x81c80108		pmic_prop_arr
.data.pdc_prop_arr	0x81c801b8	0x10	/local/mnt/workspace/CRMBuilds/e68a4a61-a213-45bf-0ec1-08dc4a24af2c/b/HY11_1/aop_proc/core/bsp/aop/build/aop_settings_autogen.o	#SHT_PROGBITS,SHF_ALLOC|SHF_WRITE,4,/tmp/llvm-lto-884452.o
	0x81c801b8		pdc_prop_arr
*(.sdata .sdata* ) #Rule 4, /local/mnt/workspace/CRMBuilds/e68a4a61-a213-45bf-0ec1-08dc4a24af2c/b/HY11_1/aop_proc/core/bsp/aop/build/AOP_AAAAANAZO_devcfg.scl [4:0]
.sdata	0x81c801c8	0x4	/local/mnt/workspace/CRMBuilds/e68a4a61-a213-45bf-0ec1-08dc4a24af2c/b/HY11_1/aop_proc/core/settings/pmic/config/palawan/pm_config_target.o	#SHT_PROGBITS,SHF_ALLOC|SHF_WRITE,4,/tmp/llvm-lto-884452.o
	0x81c801c8		num_of_target_rsrc
.sdata	0x81c801cc	0x10	/local/mnt/workspace/CRMBuilds/e68a4a61-a213-45bf-0ec1-08dc4a24af2c/b/HY11_1/aop_proc/core/bsp/aop/build/aop_settings_autogen.o	#SHT_PROGBITS,SHF_ALLOC|SHF_WRITE,4,/tmp/llvm-lto-884452.o
	0x81c801cc		ddr_prop_arr
	0x81c801d4		prochot_prop_arr
*(.bss .bss* ) #Rule 5, /local/mnt/workspace/CRMBuilds/e68a4a61-a213-45bf-0ec1-08dc4a24af2c/b/HY11_1/aop_proc/core/bsp/aop/build/AOP_AAAAANAZO_devcfg.scl [1:0]
*(.sbss .sbss* ) #Rule 6, /local/mnt/workspace/CRMBuilds/e68a4a61-a213-45bf-0ec1-08dc4a24af2c/b/HY11_1/aop_proc/core/bsp/aop/build/AOP_AAAAANAZO_devcfg.scl [0:0]
KEEP (*\devcfg_main.o(.data* )) #Rule 7, /local/mnt/workspace/CRMBuilds/e68a4a61-a213-45bf-0ec1-08dc4a24af2c/b/HY11_1/aop_proc/core/bsp/aop/build/AOP_AAAAANAZO_devcfg.scl [0:0]
*(pm_ddr_reclaim_pool ) #Rule 8, /local/mnt/workspace/CRMBuilds/e68a4a61-a213-45bf-0ec1-08dc4a24af2c/b/HY11_1/aop_proc/core/bsp/aop/build/AOP_AAAAANAZO_devcfg.scl [4:0]
pm_ddr_reclaim_pool	0x81c801dc	0xcd8	/local/mnt/workspace/CRMBuilds/e68a4a61-a213-45bf-0ec1-08dc4a24af2c/b/HY11_1/aop_proc/core/settings/pmic/config/palawan/pm_config_target.o	#SHT_PROGBITS,SHF_ALLOC|SHF_WRITE,4,/tmp/llvm-lto-884452.o
	0x81c801dc		bob_rail_b
	0x81c80200		ldo_rail_b
	0x81c80560		ldo_rail_c
	0x81c805cc		ldo_rail_d
	0x81c80638		ldo_rail_e
	0x81c80734		ldo_rail_m
	0x81c80830		ldo_rail_n
	0x81c8092c		smps_rail_b
	0x81c80a04		smps_rail_c
	0x81c80adc		smps_rail_d
	0x81c80bfc		smps_rail_e
	0x81c80c68		smps_rail_i
	0x81c80c8c		smps_rail_j
	0x81c80cb0		clk_info_a
	0x81c80dd0		target_rsrc_info
	0x81c80e84		pstm_a
pm_ddr_reclaim_pool	0x81c80eb4	0xae4	/local/mnt/workspace/CRMBuilds/e68a4a61-a213-45bf-0ec1-08dc4a24af2c/b/HY11_1/aop_proc/core/settings/pmic/config/palawan/pm_config_dep.o	#SHT_PROGBITS,SHF_ALLOC|SHF_WRITE,4,/tmp/llvm-lto-884452.o
	0x81c80eb4		smps1_b_child_dep
	0x81c80ed0		ldo_b
	0x81c80f98		ldo_e
	0x81c80fd8		ldo_n
	0x81c81018		smps2_b_child_dep
	0x81c8103c		ldo_c
	0x81c8105c		ldo_d
	0x81c8107c		ldo_m
	0x81c810bc		smps3_b_child_dep
	0x81c810e4		bob_dep_b
	0x81c81104		bob1_b_child_dep
	0x81c81148		clk_dep_a
	0x81c81278		ldo_dep_b
	0x81c81408		smps_b
	0x81c81440		bob_b
	0x81c81450		ldo_dep_c
	0x81c81490		ldo_dep_d
	0x81c814d0		ldo_dep_e
	0x81c81550		ldo_dep_m
	0x81c815d0		ldo_dep_n
	0x81c81650		smps_dep_b
	0x81c816c0		smps_dep_c
	0x81c81730		smps_dep_d
	0x81c817c0		smps_dep_e
	0x81c81800		smps_dep_i
	0x81c81820		smps_dep_j
	0x81c81840		smps_c
	0x81c81878		smps_d
	0x81c818c0		smps_e
	0x81c818e0		smps_i
	0x81c818f0		smps_j
	0x81c81900		clk_a
*(pm_dram_reclaim_pool ) #Rule 9, /local/mnt/workspace/CRMBuilds/e68a4a61-a213-45bf-0ec1-08dc4a24af2c/b/HY11_1/aop_proc/core/bsp/aop/build/AOP_AAAAANAZO_devcfg.scl [4:0]
pm_dram_reclaim_pool	0x81c81998	0x2e0	/local/mnt/workspace/CRMBuilds/e68a4a61-a213-45bf-0ec1-08dc4a24af2c/b/HY11_1/aop_proc/core/settings/pmic/config/palawan/pm_config_target.o	#SHT_PROGBITS,SHF_ALLOC|SHF_WRITE,4,/tmp/llvm-lto-884452.o
	0x81c81998		ldo_rail
	0x81c819d0		smps_rail
	0x81c81a08		clk_info
	0x81c81a40		bob_rail
	0x81c81a78		pstm_info
	0x81c81ab0		rpmh_drv_id
	0x81c81ab4		pm_periph_bitmap
	0x81c81c74		min_settling_time_thr
pm_dram_reclaim_pool	0x81c81c78	0x200	/local/mnt/workspace/CRMBuilds/e68a4a61-a213-45bf-0ec1-08dc4a24af2c/b/HY11_1/aop_proc/core/settings/pmic/config/palawan/pm_config_dep.o	#SHT_PROGBITS,SHF_ALLOC|SHF_WRITE,4,/tmp/llvm-lto-884452.o
	0x81c81c78		smps_dep
	0x81c81cb8		ldo_dep
	0x81c81cf8		bob_dep
	0x81c81d38		clk_dep
	0x81c81d78		smps_rsrc
	0x81c81db8		ldo_rsrc
	0x81c81df8		bob_rsrc
	0x81c81e38		clk_rsrc
*(AOPSS_DEVCFG_DATA_REST ) #Rule 10, Internal-LinkerScript (Implicit rule inserted by Linker) [0:0]
.(0x81c82000) = ALIGN(.(0x81c81e78), 0x1000); # . = ALIGN(., 0x1000);

AOPSS_DEVCFG_CODE_ALL	0x81c82000	0x3ee # Offset: 0x3000, LMA: 0x81c82000, Alignment: 0x4
*(InRoot$$Sections .text .text* ) #Rule 11, /local/mnt/workspace/CRMBuilds/e68a4a61-a213-45bf-0ec1-08dc4a24af2c/b/HY11_1/aop_proc/core/bsp/aop/build/AOP_AAAAANAZO_devcfg.scl [18:0]
.text.main	0x81c82000	0x14	/local/mnt/workspace/CRMBuilds/e68a4a61-a213-45bf-0ec1-08dc4a24af2c/b/HY11_1/aop_proc/core/bsp/aop/src/devcfg_main.o	#SHT_PROGBITS,SHF_ALLOC|SHF_EXECINSTR,2,/tmp/llvm-lto-884452.o
	0x81c82000		main	#(Bitcode origin:/local/mnt/workspace/CRMBuilds/e68a4a61-a213-45bf-0ec1-08dc4a24af2c/b/HY11_1/aop_proc/core/bsp/aop/src/devcfg_main.o)
.text	0x81c82014	0x1a	/pkg/qct/software/llvm/release/riscv/11.0.4/ubuntu/bin/../bin//../riscv32-unknown-elf/libc/lib/crt1.o	#SHT_PROGBITS,SHF_ALLOC|SHF_EXECINSTR,4
	0x81c82014		.Lpcrel_hi0
	0x81c82014		_start
	0x81c8201c		.Lpcrel_hi1
.text._start_c	0x81c8202e	0x26	/pkg/qct/software/llvm/release/riscv/11.0.4/ubuntu/bin/../bin//../riscv32-unknown-elf/libc/lib/crt1.o	#SHT_PROGBITS,SHF_ALLOC|SHF_EXECINSTR,2
	0x81c8202e		_start_c
.text.dummy	0x81c82054	0x2	/pkg/qct/software/llvm/release/riscv/11.0.4/ubuntu/bin/../bin//../riscv32-unknown-elf/libc/lib/libc.a(__libc_start_main.o)	#SHT_PROGBITS,SHF_ALLOC|SHF_EXECINSTR,2
	0x81c82054		dummy
	0x81c82054		_init
.text.libc_start_init	0x81c82056	0x32	/pkg/qct/software/llvm/release/riscv/11.0.4/ubuntu/bin/../bin//../riscv32-unknown-elf/libc/lib/libc.a(__libc_start_main.o)	#SHT_PROGBITS,SHF_ALLOC|SHF_EXECINSTR,2
	0x81c82056		libc_start_init
	0x81c82056		__libc_start_init
	0x81c82074		.LBB2_1
	0x81c8207e		.LBB2_2
.text.__libc_start_main	0x81c82088	0xa	/pkg/qct/software/llvm/release/riscv/11.0.4/ubuntu/bin/../bin//../riscv32-unknown-elf/libc/lib/libc.a(__libc_start_main.o)	#SHT_PROGBITS,SHF_ALLOC|SHF_EXECINSTR,2
	0x81c82088		__libc_start_main
.text.libc_start_main_stage2	0x81c82092	0x28	/pkg/qct/software/llvm/release/riscv/11.0.4/ubuntu/bin/../bin//../riscv32-unknown-elf/libc/lib/libc.a(__libc_start_main.o)	#SHT_PROGBITS,SHF_ALLOC|SHF_EXECINSTR,2
	0x81c82092		libc_start_main_stage2
.text._Exit	0x81c820ba	0x2	/pkg/qct/software/llvm/release/riscv/11.0.4/ubuntu/bin/../bin//../riscv32-unknown-elf/libc/lib/libc.a(_Exit.o)	#SHT_PROGBITS,SHF_ALLOC|SHF_EXECINSTR,2
	0x81c820ba		.LBB0_1
	0x81c820ba		_Exit
.text.dummy	0x81c820bc	0x2	/pkg/qct/software/llvm/release/riscv/11.0.4/ubuntu/bin/../bin//../riscv32-unknown-elf/libc/lib/libc.a(exit.o)	#SHT_PROGBITS,SHF_ALLOC|SHF_EXECINSTR,2
	0x81c820bc		dummy
	0x81c820bc		__funcs_on_exit
	0x81c820bc		__stdio_exit
	0x81c820bc		_fini
.text.libc_exit_fini	0x81c820be	0x38	/pkg/qct/software/llvm/release/riscv/11.0.4/ubuntu/bin/../bin//../riscv32-unknown-elf/libc/lib/libc.a(exit.o)	#SHT_PROGBITS,SHF_ALLOC|SHF_EXECINSTR,2
	0x81c820be		libc_exit_fini
	0x81c820be		__libc_exit_fini
	0x81c820da		.LBB1_1
	0x81c820ea		.LBB1_2
.text.exit	0x81c820f6	0x12	/pkg/qct/software/llvm/release/riscv/11.0.4/ubuntu/bin/../bin//../riscv32-unknown-elf/libc/lib/libc.a(exit.o)	#SHT_PROGBITS,SHF_ALLOC|SHF_EXECINSTR,2
	0x81c820f6		exit
*(.rodata .rodata* ) #Rule 12, /local/mnt/workspace/CRMBuilds/e68a4a61-a213-45bf-0ec1-08dc4a24af2c/b/HY11_1/aop_proc/core/bsp/aop/build/AOP_AAAAANAZO_devcfg.scl [4:0]
.rodata.str1.1	0x81c82108	0x7	/local/mnt/workspace/CRMBuilds/e68a4a61-a213-45bf-0ec1-08dc4a24af2c/b/HY11_1/aop_proc/core/settings/pmic/config/palawan/pm_config_target.o	#SHT_PROGBITS,SHF_ALLOC|SHF_MERGE|SHF_STRINGS,1,/tmp/llvm-lto-884452.o
	0x81c82108		.L.str
.rodata.str1.1	0x81c8210f	0x9	/local/mnt/workspace/CRMBuilds/e68a4a61-a213-45bf-0ec1-08dc4a24af2c/b/HY11_1/aop_proc/core/settings/pmic/config/palawan/pm_config_target.o	#SHT_PROGBITS,SHF_ALLOC|SHF_MERGE|SHF_STRINGS,1,/tmp/llvm-lto-884452.o
	0x81c8210f		.L.str.1
.rodata.str1.1	0x81c82118	0x9	/local/mnt/workspace/CRMBuilds/e68a4a61-a213-45bf-0ec1-08dc4a24af2c/b/HY11_1/aop_proc/core/settings/pmic/config/palawan/pm_config_target.o	#SHT_PROGBITS,SHF_ALLOC|SHF_MERGE|SHF_STRINGS,1,/tmp/llvm-lto-884452.o
	0x81c82118		.L.str.2
.rodata.str1.1	0x81c82121	0x9	/local/mnt/workspace/CRMBuilds/e68a4a61-a213-45bf-0ec1-08dc4a24af2c/b/HY11_1/aop_proc/core/settings/pmic/config/palawan/pm_config_target.o	#SHT_PROGBITS,SHF_ALLOC|SHF_MERGE|SHF_STRINGS,1,/tmp/llvm-lto-884452.o
	0x81c82121		.L.str.3
.rodata.str1.1	0x81c8212a	0x9	/local/mnt/workspace/CRMBuilds/e68a4a61-a213-45bf-0ec1-08dc4a24af2c/b/HY11_1/aop_proc/core/settings/pmic/config/palawan/pm_config_target.o	#SHT_PROGBITS,SHF_ALLOC|SHF_MERGE|SHF_STRINGS,1,/tmp/llvm-lto-884452.o
	0x81c8212a		.L.str.4
.rodata.str1.1	0x81c82133	0x9	/local/mnt/workspace/CRMBuilds/e68a4a61-a213-45bf-0ec1-08dc4a24af2c/b/HY11_1/aop_proc/core/settings/pmic/config/palawan/pm_config_target.o	#SHT_PROGBITS,SHF_ALLOC|SHF_MERGE|SHF_STRINGS,1,/tmp/llvm-lto-884452.o
	0x81c82133		.L.str.5
.rodata.str1.1	0x81c8213c	0x8	/local/mnt/workspace/CRMBuilds/e68a4a61-a213-45bf-0ec1-08dc4a24af2c/b/HY11_1/aop_proc/core/settings/pmic/config/palawan/pm_config_target.o	#SHT_PROGBITS,SHF_ALLOC|SHF_MERGE|SHF_STRINGS,1,/tmp/llvm-lto-884452.o
	0x81c8213c		.L.str.6
.rodata.str1.1	0x81c82144	0x9	/local/mnt/workspace/CRMBuilds/e68a4a61-a213-45bf-0ec1-08dc4a24af2c/b/HY11_1/aop_proc/core/settings/pmic/config/palawan/pm_config_target.o	#SHT_PROGBITS,SHF_ALLOC|SHF_MERGE|SHF_STRINGS,1,/tmp/llvm-lto-884452.o
	0x81c82144		.L.str.7
.rodata.str1.1	0x81c8214d	0x6	/local/mnt/workspace/CRMBuilds/e68a4a61-a213-45bf-0ec1-08dc4a24af2c/b/HY11_1/aop_proc/core/settings/pmic/config/palawan/pm_config_dep.o	#SHT_PROGBITS,SHF_ALLOC|SHF_MERGE|SHF_STRINGS,1,/tmp/llvm-lto-884452.o
	0x81c8214d		.L.str.33
.rodata.str1.1	0x81c82153	0x6	/local/mnt/workspace/CRMBuilds/e68a4a61-a213-45bf-0ec1-08dc4a24af2c/b/HY11_1/aop_proc/core/settings/pmic/config/palawan/pm_config_dep.o	#SHT_PROGBITS,SHF_ALLOC|SHF_MERGE|SHF_STRINGS,1,/tmp/llvm-lto-884452.o
	0x81c82153		.L.str.34
.rodata.str1.1	0x81c82159	0x6	/local/mnt/workspace/CRMBuilds/e68a4a61-a213-45bf-0ec1-08dc4a24af2c/b/HY11_1/aop_proc/core/settings/pmic/config/palawan/pm_config_dep.o	#SHT_PROGBITS,SHF_ALLOC|SHF_MERGE|SHF_STRINGS,1,/tmp/llvm-lto-884452.o
	0x81c82159		.L.str.35
.rodata.str1.1	0x81c8215f	0x6	/local/mnt/workspace/CRMBuilds/e68a4a61-a213-45bf-0ec1-08dc4a24af2c/b/HY11_1/aop_proc/core/settings/pmic/config/palawan/pm_config_dep.o	#SHT_PROGBITS,SHF_ALLOC|SHF_MERGE|SHF_STRINGS,1,/tmp/llvm-lto-884452.o
	0x81c8215f		.L.str.36
.rodata.str1.1	0x81c82165	0x6	/local/mnt/workspace/CRMBuilds/e68a4a61-a213-45bf-0ec1-08dc4a24af2c/b/HY11_1/aop_proc/core/settings/pmic/config/palawan/pm_config_dep.o	#SHT_PROGBITS,SHF_ALLOC|SHF_MERGE|SHF_STRINGS,1,/tmp/llvm-lto-884452.o
	0x81c82165		.L.str.37
.rodata.str1.1	0x81c8216b	0x6	/local/mnt/workspace/CRMBuilds/e68a4a61-a213-45bf-0ec1-08dc4a24af2c/b/HY11_1/aop_proc/core/settings/pmic/config/palawan/pm_config_dep.o	#SHT_PROGBITS,SHF_ALLOC|SHF_MERGE|SHF_STRINGS,1,/tmp/llvm-lto-884452.o
	0x81c8216b		.L.str.38
.rodata.str1.1	0x81c82171	0x6	/local/mnt/workspace/CRMBuilds/e68a4a61-a213-45bf-0ec1-08dc4a24af2c/b/HY11_1/aop_proc/core/settings/pmic/config/palawan/pm_config_dep.o	#SHT_PROGBITS,SHF_ALLOC|SHF_MERGE|SHF_STRINGS,1,/tmp/llvm-lto-884452.o
	0x81c82171		.L.str.39
.rodata.str1.1	0x81c82177	0x6	/local/mnt/workspace/CRMBuilds/e68a4a61-a213-45bf-0ec1-08dc4a24af2c/b/HY11_1/aop_proc/core/settings/pmic/config/palawan/pm_config_dep.o	#SHT_PROGBITS,SHF_ALLOC|SHF_MERGE|SHF_STRINGS,1,/tmp/llvm-lto-884452.o
	0x81c82177		.L.str.26
.rodata.str1.1	0x81c8217d	0x6	/local/mnt/workspace/CRMBuilds/e68a4a61-a213-45bf-0ec1-08dc4a24af2c/b/HY11_1/aop_proc/core/settings/pmic/config/palawan/pm_config_dep.o	#SHT_PROGBITS,SHF_ALLOC|SHF_MERGE|SHF_STRINGS,1,/tmp/llvm-lto-884452.o
	0x81c8217d		.L.str.27
.rodata.str1.1	0x81c82183	0x6	/local/mnt/workspace/CRMBuilds/e68a4a61-a213-45bf-0ec1-08dc4a24af2c/b/HY11_1/aop_proc/core/settings/pmic/config/palawan/pm_config_dep.o	#SHT_PROGBITS,SHF_ALLOC|SHF_MERGE|SHF_STRINGS,1,/tmp/llvm-lto-884452.o
	0x81c82183		.L.str.28
.rodata.str1.1	0x81c82189	0x6	/local/mnt/workspace/CRMBuilds/e68a4a61-a213-45bf-0ec1-08dc4a24af2c/b/HY11_1/aop_proc/core/settings/pmic/config/palawan/pm_config_dep.o	#SHT_PROGBITS,SHF_ALLOC|SHF_MERGE|SHF_STRINGS,1,/tmp/llvm-lto-884452.o
	0x81c82189		.L.str.29
.rodata.str1.1	0x81c8218f	0x6	/local/mnt/workspace/CRMBuilds/e68a4a61-a213-45bf-0ec1-08dc4a24af2c/b/HY11_1/aop_proc/core/settings/pmic/config/palawan/pm_config_dep.o	#SHT_PROGBITS,SHF_ALLOC|SHF_MERGE|SHF_STRINGS,1,/tmp/llvm-lto-884452.o
	0x81c8218f		.L.str.30
.rodata.str1.1	0x81c82195	0x6	/local/mnt/workspace/CRMBuilds/e68a4a61-a213-45bf-0ec1-08dc4a24af2c/b/HY11_1/aop_proc/core/settings/pmic/config/palawan/pm_config_dep.o	#SHT_PROGBITS,SHF_ALLOC|SHF_MERGE|SHF_STRINGS,1,/tmp/llvm-lto-884452.o
	0x81c82195		.L.str.31
.rodata.str1.1	0x81c8219b	0x6	/local/mnt/workspace/CRMBuilds/e68a4a61-a213-45bf-0ec1-08dc4a24af2c/b/HY11_1/aop_proc/core/settings/pmic/config/palawan/pm_config_dep.o	#SHT_PROGBITS,SHF_ALLOC|SHF_MERGE|SHF_STRINGS,1,/tmp/llvm-lto-884452.o
	0x81c8219b		.L.str.32
.rodata.str1.1	0x81c821a1	0x6	/local/mnt/workspace/CRMBuilds/e68a4a61-a213-45bf-0ec1-08dc4a24af2c/b/HY11_1/aop_proc/core/settings/pmic/config/palawan/pm_config_dep.o	#SHT_PROGBITS,SHF_ALLOC|SHF_MERGE|SHF_STRINGS,1,/tmp/llvm-lto-884452.o
	0x81c821a1		.L.str.8
.rodata.str1.1	0x81c821a7	0x6	/local/mnt/workspace/CRMBuilds/e68a4a61-a213-45bf-0ec1-08dc4a24af2c/b/HY11_1/aop_proc/core/settings/pmic/config/palawan/pm_config_dep.o	#SHT_PROGBITS,SHF_ALLOC|SHF_MERGE|SHF_STRINGS,1,/tmp/llvm-lto-884452.o
	0x81c821a7		.L.str.1.9
.rodata.str1.1	0x81c821ad	0x6	/local/mnt/workspace/CRMBuilds/e68a4a61-a213-45bf-0ec1-08dc4a24af2c/b/HY11_1/aop_proc/core/settings/pmic/config/palawan/pm_config_dep.o	#SHT_PROGBITS,SHF_ALLOC|SHF_MERGE|SHF_STRINGS,1,/tmp/llvm-lto-884452.o
	0x81c821ad		.L.str.2.10
.rodata.str1.1	0x81c821b3	0x6	/local/mnt/workspace/CRMBuilds/e68a4a61-a213-45bf-0ec1-08dc4a24af2c/b/HY11_1/aop_proc/core/settings/pmic/config/palawan/pm_config_dep.o	#SHT_PROGBITS,SHF_ALLOC|SHF_MERGE|SHF_STRINGS,1,/tmp/llvm-lto-884452.o
	0x81c821b3		.L.str.3.11
.rodata.str1.1	0x81c821b9	0x9	/local/mnt/workspace/CRMBuilds/e68a4a61-a213-45bf-0ec1-08dc4a24af2c/b/HY11_1/aop_proc/core/settings/pmic/config/palawan/pm_config_dep.o	#SHT_PROGBITS,SHF_ALLOC|SHF_MERGE|SHF_STRINGS,1,/tmp/llvm-lto-884452.o
	0x81c821b9		.L.str.4.12
.rodata.str1.1	0x81c821c2	0x6	/local/mnt/workspace/CRMBuilds/e68a4a61-a213-45bf-0ec1-08dc4a24af2c/b/HY11_1/aop_proc/core/settings/pmic/config/palawan/pm_config_dep.o	#SHT_PROGBITS,SHF_ALLOC|SHF_MERGE|SHF_STRINGS,1,/tmp/llvm-lto-884452.o
	0x81c821c2		.L.str.5.13
.rodata.str1.1	0x81c821c8	0x6	/local/mnt/workspace/CRMBuilds/e68a4a61-a213-45bf-0ec1-08dc4a24af2c/b/HY11_1/aop_proc/core/settings/pmic/config/palawan/pm_config_dep.o	#SHT_PROGBITS,SHF_ALLOC|SHF_MERGE|SHF_STRINGS,1,/tmp/llvm-lto-884452.o
	0x81c821c8		.L.str.6.14
.rodata.str1.1	0x81c821ce	0x6	/local/mnt/workspace/CRMBuilds/e68a4a61-a213-45bf-0ec1-08dc4a24af2c/b/HY11_1/aop_proc/core/settings/pmic/config/palawan/pm_config_dep.o	#SHT_PROGBITS,SHF_ALLOC|SHF_MERGE|SHF_STRINGS,1,/tmp/llvm-lto-884452.o
	0x81c821ce		.L.str.7.15
.rodata.str1.1	0x81c821d4	0x7	/local/mnt/workspace/CRMBuilds/e68a4a61-a213-45bf-0ec1-08dc4a24af2c/b/HY11_1/aop_proc/core/settings/pmic/config/palawan/pm_config_dep.o	#SHT_PROGBITS,SHF_ALLOC|SHF_MERGE|SHF_STRINGS,1,/tmp/llvm-lto-884452.o
	0x81c821d4		.L.str.8.16
.rodata.str1.1	0x81c821db	0x6	/local/mnt/workspace/CRMBuilds/e68a4a61-a213-45bf-0ec1-08dc4a24af2c/b/HY11_1/aop_proc/core/settings/pmic/config/palawan/pm_config_dep.o	#SHT_PROGBITS,SHF_ALLOC|SHF_MERGE|SHF_STRINGS,1,/tmp/llvm-lto-884452.o
	0x81c821db		.L.str.9
.rodata.str1.1	0x81c821e1	0x6	/local/mnt/workspace/CRMBuilds/e68a4a61-a213-45bf-0ec1-08dc4a24af2c/b/HY11_1/aop_proc/core/settings/pmic/config/palawan/pm_config_dep.o	#SHT_PROGBITS,SHF_ALLOC|SHF_MERGE|SHF_STRINGS,1,/tmp/llvm-lto-884452.o
	0x81c821e1		.L.str.10
.rodata.str1.1	0x81c821e7	0x7	/local/mnt/workspace/CRMBuilds/e68a4a61-a213-45bf-0ec1-08dc4a24af2c/b/HY11_1/aop_proc/core/settings/pmic/config/palawan/pm_config_dep.o	#SHT_PROGBITS,SHF_ALLOC|SHF_MERGE|SHF_STRINGS,1,/tmp/llvm-lto-884452.o
	0x81c821e7		.L.str.11
.rodata.str1.1	0x81c821ee	0x7	/local/mnt/workspace/CRMBuilds/e68a4a61-a213-45bf-0ec1-08dc4a24af2c/b/HY11_1/aop_proc/core/settings/pmic/config/palawan/pm_config_dep.o	#SHT_PROGBITS,SHF_ALLOC|SHF_MERGE|SHF_STRINGS,1,/tmp/llvm-lto-884452.o
	0x81c821ee		.L.str.12
.rodata.str1.1	0x81c821f5	0x7	/local/mnt/workspace/CRMBuilds/e68a4a61-a213-45bf-0ec1-08dc4a24af2c/b/HY11_1/aop_proc/core/settings/pmic/config/palawan/pm_config_dep.o	#SHT_PROGBITS,SHF_ALLOC|SHF_MERGE|SHF_STRINGS,1,/tmp/llvm-lto-884452.o
	0x81c821f5		.L.str.13
.rodata.str1.1	0x81c821fc	0x7	/local/mnt/workspace/CRMBuilds/e68a4a61-a213-45bf-0ec1-08dc4a24af2c/b/HY11_1/aop_proc/core/settings/pmic/config/palawan/pm_config_dep.o	#SHT_PROGBITS,SHF_ALLOC|SHF_MERGE|SHF_STRINGS,1,/tmp/llvm-lto-884452.o
	0x81c821fc		.L.str.14
.rodata.str1.1	0x81c82203	0x7	/local/mnt/workspace/CRMBuilds/e68a4a61-a213-45bf-0ec1-08dc4a24af2c/b/HY11_1/aop_proc/core/settings/pmic/config/palawan/pm_config_dep.o	#SHT_PROGBITS,SHF_ALLOC|SHF_MERGE|SHF_STRINGS,1,/tmp/llvm-lto-884452.o
	0x81c82203		.L.str.15
.rodata.str1.1	0x81c8220a	0x7	/local/mnt/workspace/CRMBuilds/e68a4a61-a213-45bf-0ec1-08dc4a24af2c/b/HY11_1/aop_proc/core/settings/pmic/config/palawan/pm_config_dep.o	#SHT_PROGBITS,SHF_ALLOC|SHF_MERGE|SHF_STRINGS,1,/tmp/llvm-lto-884452.o
	0x81c8220a		.L.str.16
.rodata.str1.1	0x81c82211	0x7	/local/mnt/workspace/CRMBuilds/e68a4a61-a213-45bf-0ec1-08dc4a24af2c/b/HY11_1/aop_proc/core/settings/pmic/config/palawan/pm_config_dep.o	#SHT_PROGBITS,SHF_ALLOC|SHF_MERGE|SHF_STRINGS,1,/tmp/llvm-lto-884452.o
	0x81c82211		.L.str.17
.rodata.str1.1	0x81c82218	0x7	/local/mnt/workspace/CRMBuilds/e68a4a61-a213-45bf-0ec1-08dc4a24af2c/b/HY11_1/aop_proc/core/settings/pmic/config/palawan/pm_config_dep.o	#SHT_PROGBITS,SHF_ALLOC|SHF_MERGE|SHF_STRINGS,1,/tmp/llvm-lto-884452.o
	0x81c82218		.L.str.18
.rodata.str1.1	0x81c8221f	0x7	/local/mnt/workspace/CRMBuilds/e68a4a61-a213-45bf-0ec1-08dc4a24af2c/b/HY11_1/aop_proc/core/settings/pmic/config/palawan/pm_config_dep.o	#SHT_PROGBITS,SHF_ALLOC|SHF_MERGE|SHF_STRINGS,1,/tmp/llvm-lto-884452.o
	0x81c8221f		.L.str.19
.rodata.str1.1	0x81c82226	0x7	/local/mnt/workspace/CRMBuilds/e68a4a61-a213-45bf-0ec1-08dc4a24af2c/b/HY11_1/aop_proc/core/settings/pmic/config/palawan/pm_config_dep.o	#SHT_PROGBITS,SHF_ALLOC|SHF_MERGE|SHF_STRINGS,1,/tmp/llvm-lto-884452.o
	0x81c82226		.L.str.20
.rodata.str1.1	0x81c8222d	0x7	/local/mnt/workspace/CRMBuilds/e68a4a61-a213-45bf-0ec1-08dc4a24af2c/b/HY11_1/aop_proc/core/settings/pmic/config/palawan/pm_config_dep.o	#SHT_PROGBITS,SHF_ALLOC|SHF_MERGE|SHF_STRINGS,1,/tmp/llvm-lto-884452.o
	0x81c8222d		.L.str.21
.rodata.str1.1	0x81c82234	0x7	/local/mnt/workspace/CRMBuilds/e68a4a61-a213-45bf-0ec1-08dc4a24af2c/b/HY11_1/aop_proc/core/settings/pmic/config/palawan/pm_config_dep.o	#SHT_PROGBITS,SHF_ALLOC|SHF_MERGE|SHF_STRINGS,1,/tmp/llvm-lto-884452.o
	0x81c82234		.L.str.22
.rodata.str1.1	0x81c8223b	0x7	/local/mnt/workspace/CRMBuilds/e68a4a61-a213-45bf-0ec1-08dc4a24af2c/b/HY11_1/aop_proc/core/settings/pmic/config/palawan/pm_config_dep.o	#SHT_PROGBITS,SHF_ALLOC|SHF_MERGE|SHF_STRINGS,1,/tmp/llvm-lto-884452.o
	0x81c8223b		.L.str.23
.rodata.str1.1	0x81c82242	0x7	/local/mnt/workspace/CRMBuilds/e68a4a61-a213-45bf-0ec1-08dc4a24af2c/b/HY11_1/aop_proc/core/settings/pmic/config/palawan/pm_config_dep.o	#SHT_PROGBITS,SHF_ALLOC|SHF_MERGE|SHF_STRINGS,1,/tmp/llvm-lto-884452.o
	0x81c82242		.L.str.24
.rodata.str1.1	0x81c82249	0x7	/local/mnt/workspace/CRMBuilds/e68a4a61-a213-45bf-0ec1-08dc4a24af2c/b/HY11_1/aop_proc/core/settings/pmic/config/palawan/pm_config_dep.o	#SHT_PROGBITS,SHF_ALLOC|SHF_MERGE|SHF_STRINGS,1,/tmp/llvm-lto-884452.o
	0x81c82249		.L.str.25
.rodata.str1.1	0x81c82250	0x6	/local/mnt/workspace/CRMBuilds/e68a4a61-a213-45bf-0ec1-08dc4a24af2c/b/HY11_1/aop_proc/core/settings/pmic/config/palawan/pm_config_dep.o	#SHT_PROGBITS,SHF_ALLOC|SHF_MERGE|SHF_STRINGS,1,/tmp/llvm-lto-884452.o
	0x81c82250		.L.str.48
.rodata.str1.1	0x81c82256	0x6	/local/mnt/workspace/CRMBuilds/e68a4a61-a213-45bf-0ec1-08dc4a24af2c/b/HY11_1/aop_proc/core/settings/pmic/config/palawan/pm_config_dep.o	#SHT_PROGBITS,SHF_ALLOC|SHF_MERGE|SHF_STRINGS,1,/tmp/llvm-lto-884452.o
	0x81c82256		.L.str.49
.rodata.str1.1	0x81c8225c	0x6	/local/mnt/workspace/CRMBuilds/e68a4a61-a213-45bf-0ec1-08dc4a24af2c/b/HY11_1/aop_proc/core/settings/pmic/config/palawan/pm_config_dep.o	#SHT_PROGBITS,SHF_ALLOC|SHF_MERGE|SHF_STRINGS,1,/tmp/llvm-lto-884452.o
	0x81c8225c		.L.str.50
.rodata.str1.1	0x81c82262	0x6	/local/mnt/workspace/CRMBuilds/e68a4a61-a213-45bf-0ec1-08dc4a24af2c/b/HY11_1/aop_proc/core/settings/pmic/config/palawan/pm_config_dep.o	#SHT_PROGBITS,SHF_ALLOC|SHF_MERGE|SHF_STRINGS,1,/tmp/llvm-lto-884452.o
	0x81c82262		.L.str.51
.rodata.str1.1	0x81c82268	0x6	/local/mnt/workspace/CRMBuilds/e68a4a61-a213-45bf-0ec1-08dc4a24af2c/b/HY11_1/aop_proc/core/settings/pmic/config/palawan/pm_config_dep.o	#SHT_PROGBITS,SHF_ALLOC|SHF_MERGE|SHF_STRINGS,1,/tmp/llvm-lto-884452.o
	0x81c82268		.L.str.52
.rodata.str1.1	0x81c8226e	0x6	/local/mnt/workspace/CRMBuilds/e68a4a61-a213-45bf-0ec1-08dc4a24af2c/b/HY11_1/aop_proc/core/settings/pmic/config/palawan/pm_config_dep.o	#SHT_PROGBITS,SHF_ALLOC|SHF_MERGE|SHF_STRINGS,1,/tmp/llvm-lto-884452.o
	0x81c8226e		.L.str.53
.rodata.str1.1	0x81c82274	0x6	/local/mnt/workspace/CRMBuilds/e68a4a61-a213-45bf-0ec1-08dc4a24af2c/b/HY11_1/aop_proc/core/settings/pmic/config/palawan/pm_config_dep.o	#SHT_PROGBITS,SHF_ALLOC|SHF_MERGE|SHF_STRINGS,1,/tmp/llvm-lto-884452.o
	0x81c82274		.L.str.54
.rodata.str1.1	0x81c8227a	0x6	/local/mnt/workspace/CRMBuilds/e68a4a61-a213-45bf-0ec1-08dc4a24af2c/b/HY11_1/aop_proc/core/settings/pmic/config/palawan/pm_config_dep.o	#SHT_PROGBITS,SHF_ALLOC|SHF_MERGE|SHF_STRINGS,1,/tmp/llvm-lto-884452.o
	0x81c8227a		.L.str.44
.rodata.str1.1	0x81c82280	0x6	/local/mnt/workspace/CRMBuilds/e68a4a61-a213-45bf-0ec1-08dc4a24af2c/b/HY11_1/aop_proc/core/settings/pmic/config/palawan/pm_config_dep.o	#SHT_PROGBITS,SHF_ALLOC|SHF_MERGE|SHF_STRINGS,1,/tmp/llvm-lto-884452.o
	0x81c82280		.L.str.45
.rodata.str1.1	0x81c82286	0x8	/local/mnt/workspace/CRMBuilds/e68a4a61-a213-45bf-0ec1-08dc4a24af2c/b/HY11_1/aop_proc/core/settings/pmic/config/palawan/pm_config_dep.o	#SHT_PROGBITS,SHF_ALLOC|SHF_MERGE|SHF_STRINGS,1,/tmp/llvm-lto-884452.o
	0x81c82286		.L.str.46
.rodata.str1.1	0x81c8228e	0x6	/local/mnt/workspace/CRMBuilds/e68a4a61-a213-45bf-0ec1-08dc4a24af2c/b/HY11_1/aop_proc/core/settings/pmic/config/palawan/pm_config_dep.o	#SHT_PROGBITS,SHF_ALLOC|SHF_MERGE|SHF_STRINGS,1,/tmp/llvm-lto-884452.o
	0x81c8228e		.L.str.47
.rodata.str1.1	0x81c82294	0x6	/local/mnt/workspace/CRMBuilds/e68a4a61-a213-45bf-0ec1-08dc4a24af2c/b/HY11_1/aop_proc/core/settings/pmic/config/palawan/pm_config_dep.o	#SHT_PROGBITS,SHF_ALLOC|SHF_MERGE|SHF_STRINGS,1,/tmp/llvm-lto-884452.o
	0x81c82294		.L.str.40
.rodata.str1.1	0x81c8229a	0x6	/local/mnt/workspace/CRMBuilds/e68a4a61-a213-45bf-0ec1-08dc4a24af2c/b/HY11_1/aop_proc/core/settings/pmic/config/palawan/pm_config_dep.o	#SHT_PROGBITS,SHF_ALLOC|SHF_MERGE|SHF_STRINGS,1,/tmp/llvm-lto-884452.o
	0x81c8229a		.L.str.41
.rodata.str1.1	0x81c822a0	0x8	/local/mnt/workspace/CRMBuilds/e68a4a61-a213-45bf-0ec1-08dc4a24af2c/b/HY11_1/aop_proc/core/settings/pmic/config/palawan/pm_config_dep.o	#SHT_PROGBITS,SHF_ALLOC|SHF_MERGE|SHF_STRINGS,1,/tmp/llvm-lto-884452.o
	0x81c822a0		.L.str.42
.rodata.str1.1	0x81c822a8	0x6	/local/mnt/workspace/CRMBuilds/e68a4a61-a213-45bf-0ec1-08dc4a24af2c/b/HY11_1/aop_proc/core/settings/pmic/config/palawan/pm_config_dep.o	#SHT_PROGBITS,SHF_ALLOC|SHF_MERGE|SHF_STRINGS,1,/tmp/llvm-lto-884452.o
	0x81c822a8		.L.str.43
.rodata.str1.1	0x81c822ae	0x6	/local/mnt/workspace/CRMBuilds/e68a4a61-a213-45bf-0ec1-08dc4a24af2c/b/HY11_1/aop_proc/core/settings/pmic/config/palawan/pm_config_dep.o	#SHT_PROGBITS,SHF_ALLOC|SHF_MERGE|SHF_STRINGS,1,/tmp/llvm-lto-884452.o
	0x81c822ae		.L.str.62
.rodata.str1.1	0x81c822b4	0x6	/local/mnt/workspace/CRMBuilds/e68a4a61-a213-45bf-0ec1-08dc4a24af2c/b/HY11_1/aop_proc/core/settings/pmic/config/palawan/pm_config_dep.o	#SHT_PROGBITS,SHF_ALLOC|SHF_MERGE|SHF_STRINGS,1,/tmp/llvm-lto-884452.o
	0x81c822b4		.L.str.55
.rodata.str1.1	0x81c822ba	0x6	/local/mnt/workspace/CRMBuilds/e68a4a61-a213-45bf-0ec1-08dc4a24af2c/b/HY11_1/aop_proc/core/settings/pmic/config/palawan/pm_config_dep.o	#SHT_PROGBITS,SHF_ALLOC|SHF_MERGE|SHF_STRINGS,1,/tmp/llvm-lto-884452.o
	0x81c822ba		.L.str.56
.rodata.str1.1	0x81c822c0	0x6	/local/mnt/workspace/CRMBuilds/e68a4a61-a213-45bf-0ec1-08dc4a24af2c/b/HY11_1/aop_proc/core/settings/pmic/config/palawan/pm_config_dep.o	#SHT_PROGBITS,SHF_ALLOC|SHF_MERGE|SHF_STRINGS,1,/tmp/llvm-lto-884452.o
	0x81c822c0		.L.str.57
.rodata.str1.1	0x81c822c6	0x6	/local/mnt/workspace/CRMBuilds/e68a4a61-a213-45bf-0ec1-08dc4a24af2c/b/HY11_1/aop_proc/core/settings/pmic/config/palawan/pm_config_dep.o	#SHT_PROGBITS,SHF_ALLOC|SHF_MERGE|SHF_STRINGS,1,/tmp/llvm-lto-884452.o
	0x81c822c6		.L.str.58
.rodata.str1.1	0x81c822cc	0x8	/local/mnt/workspace/CRMBuilds/e68a4a61-a213-45bf-0ec1-08dc4a24af2c/b/HY11_1/aop_proc/core/settings/pmic/config/palawan/pm_config_dep.o	#SHT_PROGBITS,SHF_ALLOC|SHF_MERGE|SHF_STRINGS,1,/tmp/llvm-lto-884452.o
	0x81c822cc		.L.str.59
.rodata.str1.1	0x81c822d4	0x6	/local/mnt/workspace/CRMBuilds/e68a4a61-a213-45bf-0ec1-08dc4a24af2c/b/HY11_1/aop_proc/core/settings/pmic/config/palawan/pm_config_dep.o	#SHT_PROGBITS,SHF_ALLOC|SHF_MERGE|SHF_STRINGS,1,/tmp/llvm-lto-884452.o
	0x81c822d4		.L.str.60
.rodata.str1.1	0x81c822da	0x6	/local/mnt/workspace/CRMBuilds/e68a4a61-a213-45bf-0ec1-08dc4a24af2c/b/HY11_1/aop_proc/core/settings/pmic/config/palawan/pm_config_dep.o	#SHT_PROGBITS,SHF_ALLOC|SHF_MERGE|SHF_STRINGS,1,/tmp/llvm-lto-884452.o
	0x81c822da		.L.str.61
.rodata.str1.1	0x81c822e0	0x6	/local/mnt/workspace/CRMBuilds/e68a4a61-a213-45bf-0ec1-08dc4a24af2c/b/HY11_1/aop_proc/core/settings/pmic/config/palawan/pm_config_dep.o	#SHT_PROGBITS,SHF_ALLOC|SHF_MERGE|SHF_STRINGS,1,/tmp/llvm-lto-884452.o
	0x81c822e0		.L.str.88
.rodata.str1.1	0x81c822e6	0x6	/local/mnt/workspace/CRMBuilds/e68a4a61-a213-45bf-0ec1-08dc4a24af2c/b/HY11_1/aop_proc/core/settings/pmic/config/palawan/pm_config_dep.o	#SHT_PROGBITS,SHF_ALLOC|SHF_MERGE|SHF_STRINGS,1,/tmp/llvm-lto-884452.o
	0x81c822e6		.L.str.87
.rodata.str1.1	0x81c822ec	0x8	/local/mnt/workspace/CRMBuilds/e68a4a61-a213-45bf-0ec1-08dc4a24af2c/b/HY11_1/aop_proc/core/settings/pmic/config/palawan/pm_config_dep.o	#SHT_PROGBITS,SHF_ALLOC|SHF_MERGE|SHF_STRINGS,1,/tmp/llvm-lto-884452.o
	0x81c822ec		.L.str.78
.rodata.str1.1	0x81c822f4	0x6	/local/mnt/workspace/CRMBuilds/e68a4a61-a213-45bf-0ec1-08dc4a24af2c/b/HY11_1/aop_proc/core/settings/pmic/config/palawan/pm_config_dep.o	#SHT_PROGBITS,SHF_ALLOC|SHF_MERGE|SHF_STRINGS,1,/tmp/llvm-lto-884452.o
	0x81c822f4		.L.str.84
.rodata.str1.1	0x81c822fa	0x6	/local/mnt/workspace/CRMBuilds/e68a4a61-a213-45bf-0ec1-08dc4a24af2c/b/HY11_1/aop_proc/core/settings/pmic/config/palawan/pm_config_dep.o	#SHT_PROGBITS,SHF_ALLOC|SHF_MERGE|SHF_STRINGS,1,/tmp/llvm-lto-884452.o
	0x81c822fa		.L.str.85
.rodata.str1.1	0x81c82300	0x6	/local/mnt/workspace/CRMBuilds/e68a4a61-a213-45bf-0ec1-08dc4a24af2c/b/HY11_1/aop_proc/core/settings/pmic/config/palawan/pm_config_dep.o	#SHT_PROGBITS,SHF_ALLOC|SHF_MERGE|SHF_STRINGS,1,/tmp/llvm-lto-884452.o
	0x81c82300		.L.str.86
.rodata.str1.1	0x81c82306	0x6	/local/mnt/workspace/CRMBuilds/e68a4a61-a213-45bf-0ec1-08dc4a24af2c/b/HY11_1/aop_proc/core/settings/pmic/config/palawan/pm_config_dep.o	#SHT_PROGBITS,SHF_ALLOC|SHF_MERGE|SHF_STRINGS,1,/tmp/llvm-lto-884452.o
	0x81c82306		.L.str.73
.rodata.str1.1	0x81c8230c	0x6	/local/mnt/workspace/CRMBuilds/e68a4a61-a213-45bf-0ec1-08dc4a24af2c/b/HY11_1/aop_proc/core/settings/pmic/config/palawan/pm_config_dep.o	#SHT_PROGBITS,SHF_ALLOC|SHF_MERGE|SHF_STRINGS,1,/tmp/llvm-lto-884452.o
	0x81c8230c		.L.str.74
.rodata.str1.1	0x81c82312	0x6	/local/mnt/workspace/CRMBuilds/e68a4a61-a213-45bf-0ec1-08dc4a24af2c/b/HY11_1/aop_proc/core/settings/pmic/config/palawan/pm_config_dep.o	#SHT_PROGBITS,SHF_ALLOC|SHF_MERGE|SHF_STRINGS,1,/tmp/llvm-lto-884452.o
	0x81c82312		.L.str.75
.rodata.str1.1	0x81c82318	0x6	/local/mnt/workspace/CRMBuilds/e68a4a61-a213-45bf-0ec1-08dc4a24af2c/b/HY11_1/aop_proc/core/settings/pmic/config/palawan/pm_config_dep.o	#SHT_PROGBITS,SHF_ALLOC|SHF_MERGE|SHF_STRINGS,1,/tmp/llvm-lto-884452.o
	0x81c82318		.L.str.76
.rodata.str1.1	0x81c8231e	0x6	/local/mnt/workspace/CRMBuilds/e68a4a61-a213-45bf-0ec1-08dc4a24af2c/b/HY11_1/aop_proc/core/settings/pmic/config/palawan/pm_config_dep.o	#SHT_PROGBITS,SHF_ALLOC|SHF_MERGE|SHF_STRINGS,1,/tmp/llvm-lto-884452.o
	0x81c8231e		.L.str.77
.rodata.str1.1	0x81c82324	0x6	/local/mnt/workspace/CRMBuilds/e68a4a61-a213-45bf-0ec1-08dc4a24af2c/b/HY11_1/aop_proc/core/settings/pmic/config/palawan/pm_config_dep.o	#SHT_PROGBITS,SHF_ALLOC|SHF_MERGE|SHF_STRINGS,1,/tmp/llvm-lto-884452.o
	0x81c82324		.L.str.79
.rodata.str1.1	0x81c8232a	0x9	/local/mnt/workspace/CRMBuilds/e68a4a61-a213-45bf-0ec1-08dc4a24af2c/b/HY11_1/aop_proc/core/settings/pmic/config/palawan/pm_config_dep.o	#SHT_PROGBITS,SHF_ALLOC|SHF_MERGE|SHF_STRINGS,1,/tmp/llvm-lto-884452.o
	0x81c8232a		.L.str.80
.rodata.str1.1	0x81c82333	0x6	/local/mnt/workspace/CRMBuilds/e68a4a61-a213-45bf-0ec1-08dc4a24af2c/b/HY11_1/aop_proc/core/settings/pmic/config/palawan/pm_config_dep.o	#SHT_PROGBITS,SHF_ALLOC|SHF_MERGE|SHF_STRINGS,1,/tmp/llvm-lto-884452.o
	0x81c82333		.L.str.81
.rodata.str1.1	0x81c82339	0x6	/local/mnt/workspace/CRMBuilds/e68a4a61-a213-45bf-0ec1-08dc4a24af2c/b/HY11_1/aop_proc/core/settings/pmic/config/palawan/pm_config_dep.o	#SHT_PROGBITS,SHF_ALLOC|SHF_MERGE|SHF_STRINGS,1,/tmp/llvm-lto-884452.o
	0x81c82339		.L.str.82
.rodata.str1.1	0x81c8233f	0x7	/local/mnt/workspace/CRMBuilds/e68a4a61-a213-45bf-0ec1-08dc4a24af2c/b/HY11_1/aop_proc/core/settings/pmic/config/palawan/pm_config_dep.o	#SHT_PROGBITS,SHF_ALLOC|SHF_MERGE|SHF_STRINGS,1,/tmp/llvm-lto-884452.o
	0x81c8233f		.L.str.83
.rodata.str1.1	0x81c82346	0x6	/local/mnt/workspace/CRMBuilds/e68a4a61-a213-45bf-0ec1-08dc4a24af2c/b/HY11_1/aop_proc/core/settings/pmic/config/palawan/pm_config_dep.o	#SHT_PROGBITS,SHF_ALLOC|SHF_MERGE|SHF_STRINGS,1,/tmp/llvm-lto-884452.o
	0x81c82346		.L.str.63
.rodata.str1.1	0x81c8234c	0x7	/local/mnt/workspace/CRMBuilds/e68a4a61-a213-45bf-0ec1-08dc4a24af2c/b/HY11_1/aop_proc/core/settings/pmic/config/palawan/pm_config_dep.o	#SHT_PROGBITS,SHF_ALLOC|SHF_MERGE|SHF_STRINGS,1,/tmp/llvm-lto-884452.o
	0x81c8234c		.L.str.64
.rodata.str1.1	0x81c82353	0x6	/local/mnt/workspace/CRMBuilds/e68a4a61-a213-45bf-0ec1-08dc4a24af2c/b/HY11_1/aop_proc/core/settings/pmic/config/palawan/pm_config_dep.o	#SHT_PROGBITS,SHF_ALLOC|SHF_MERGE|SHF_STRINGS,1,/tmp/llvm-lto-884452.o
	0x81c82353		.L.str.65
.rodata.str1.1	0x81c82359	0x8	/local/mnt/workspace/CRMBuilds/e68a4a61-a213-45bf-0ec1-08dc4a24af2c/b/HY11_1/aop_proc/core/settings/pmic/config/palawan/pm_config_dep.o	#SHT_PROGBITS,SHF_ALLOC|SHF_MERGE|SHF_STRINGS,1,/tmp/llvm-lto-884452.o
	0x81c82359		.L.str.66
.rodata.str1.1	0x81c82361	0x6	/local/mnt/workspace/CRMBuilds/e68a4a61-a213-45bf-0ec1-08dc4a24af2c/b/HY11_1/aop_proc/core/settings/pmic/config/palawan/pm_config_dep.o	#SHT_PROGBITS,SHF_ALLOC|SHF_MERGE|SHF_STRINGS,1,/tmp/llvm-lto-884452.o
	0x81c82361		.L.str.67
.rodata.str1.1	0x81c82367	0x6	/local/mnt/workspace/CRMBuilds/e68a4a61-a213-45bf-0ec1-08dc4a24af2c/b/HY11_1/aop_proc/core/settings/pmic/config/palawan/pm_config_dep.o	#SHT_PROGBITS,SHF_ALLOC|SHF_MERGE|SHF_STRINGS,1,/tmp/llvm-lto-884452.o
	0x81c82367		.L.str.68
.rodata.str1.1	0x81c8236d	0x8	/local/mnt/workspace/CRMBuilds/e68a4a61-a213-45bf-0ec1-08dc4a24af2c/b/HY11_1/aop_proc/core/settings/pmic/config/palawan/pm_config_dep.o	#SHT_PROGBITS,SHF_ALLOC|SHF_MERGE|SHF_STRINGS,1,/tmp/llvm-lto-884452.o
	0x81c8236d		.L.str.69
.rodata.str1.1	0x81c82375	0x6	/local/mnt/workspace/CRMBuilds/e68a4a61-a213-45bf-0ec1-08dc4a24af2c/b/HY11_1/aop_proc/core/settings/pmic/config/palawan/pm_config_dep.o	#SHT_PROGBITS,SHF_ALLOC|SHF_MERGE|SHF_STRINGS,1,/tmp/llvm-lto-884452.o
	0x81c82375		.L.str.70
.rodata.str1.1	0x81c8237b	0x6	/local/mnt/workspace/CRMBuilds/e68a4a61-a213-45bf-0ec1-08dc4a24af2c/b/HY11_1/aop_proc/core/settings/pmic/config/palawan/pm_config_dep.o	#SHT_PROGBITS,SHF_ALLOC|SHF_MERGE|SHF_STRINGS,1,/tmp/llvm-lto-884452.o
	0x81c8237b		.L.str.71
.rodata.str1.1	0x81c82381	0x8	/local/mnt/workspace/CRMBuilds/e68a4a61-a213-45bf-0ec1-08dc4a24af2c/b/HY11_1/aop_proc/core/settings/pmic/config/palawan/pm_config_dep.o	#SHT_PROGBITS,SHF_ALLOC|SHF_MERGE|SHF_STRINGS,1,/tmp/llvm-lto-884452.o
	0x81c82381		.L.str.72
.rodata.str1.1	0x81c82389	0x6	/local/mnt/workspace/CRMBuilds/e68a4a61-a213-45bf-0ec1-08dc4a24af2c/b/HY11_1/aop_proc/core/settings/pmic/config/palawan/pm_config_dep.o	#SHT_PROGBITS,SHF_ALLOC|SHF_MERGE|SHF_STRINGS,1,/tmp/llvm-lto-884452.o
	0x81c82389		.L.str.89
.rodata.str1.1	0x81c8238f	0x8	/local/mnt/workspace/CRMBuilds/e68a4a61-a213-45bf-0ec1-08dc4a24af2c/b/HY11_1/aop_proc/core/settings/pmic/config/palawan/pm_config_dep.o	#SHT_PROGBITS,SHF_ALLOC|SHF_MERGE|SHF_STRINGS,1,/tmp/llvm-lto-884452.o
	0x81c8238f		.L.str.90
.rodata.str1.1	0x81c82397	0x6	/local/mnt/workspace/CRMBuilds/e68a4a61-a213-45bf-0ec1-08dc4a24af2c/b/HY11_1/aop_proc/core/settings/pmic/config/palawan/pm_config_dep.o	#SHT_PROGBITS,SHF_ALLOC|SHF_MERGE|SHF_STRINGS,1,/tmp/llvm-lto-884452.o
	0x81c82397		.L.str.91
.rodata.str1.1	0x81c8239d	0x8	/local/mnt/workspace/CRMBuilds/e68a4a61-a213-45bf-0ec1-08dc4a24af2c/b/HY11_1/aop_proc/core/settings/pmic/config/palawan/pm_config_dep.o	#SHT_PROGBITS,SHF_ALLOC|SHF_MERGE|SHF_STRINGS,1,/tmp/llvm-lto-884452.o
	0x81c8239d		.L.str.92
.rodata.str1.1	0x81c823a5	0x6	/local/mnt/workspace/CRMBuilds/e68a4a61-a213-45bf-0ec1-08dc4a24af2c/b/HY11_1/aop_proc/core/settings/pmic/config/palawan/pm_config_dep.o	#SHT_PROGBITS,SHF_ALLOC|SHF_MERGE|SHF_STRINGS,1,/tmp/llvm-lto-884452.o
	0x81c823a5		.L.str.93
.rodata.str1.1	0x81c823ab	0x8	/local/mnt/workspace/CRMBuilds/e68a4a61-a213-45bf-0ec1-08dc4a24af2c/b/HY11_1/aop_proc/core/settings/pmic/config/palawan/pm_config_dep.o	#SHT_PROGBITS,SHF_ALLOC|SHF_MERGE|SHF_STRINGS,1,/tmp/llvm-lto-884452.o
	0x81c823ab		.L.str.94
.rodata.str1.1	0x81c823b3	0x6	/local/mnt/workspace/CRMBuilds/e68a4a61-a213-45bf-0ec1-08dc4a24af2c/b/HY11_1/aop_proc/core/settings/pmic/config/palawan/pm_config_dep.o	#SHT_PROGBITS,SHF_ALLOC|SHF_MERGE|SHF_STRINGS,1,/tmp/llvm-lto-884452.o
	0x81c823b3		.L.str.95
.rodata.str1.1	0x81c823b9	0x8	/local/mnt/workspace/CRMBuilds/e68a4a61-a213-45bf-0ec1-08dc4a24af2c/b/HY11_1/aop_proc/core/settings/pmic/config/palawan/pm_config_dep.o	#SHT_PROGBITS,SHF_ALLOC|SHF_MERGE|SHF_STRINGS,1,/tmp/llvm-lto-884452.o
	0x81c823b9		.L.str.96
.rodata.str1.1	0x81c823c1	0x6	/local/mnt/workspace/CRMBuilds/e68a4a61-a213-45bf-0ec1-08dc4a24af2c/b/HY11_1/aop_proc/core/settings/pmic/config/palawan/pm_config_dep.o	#SHT_PROGBITS,SHF_ALLOC|SHF_MERGE|SHF_STRINGS,1,/tmp/llvm-lto-884452.o
	0x81c823c1		.L.str.97
.rodata.str1.1	0x81c823c7	0x6	/local/mnt/workspace/CRMBuilds/e68a4a61-a213-45bf-0ec1-08dc4a24af2c/b/HY11_1/aop_proc/core/settings/pmic/config/palawan/pm_config_dep.o	#SHT_PROGBITS,SHF_ALLOC|SHF_MERGE|SHF_STRINGS,1,/tmp/llvm-lto-884452.o
	0x81c823c7		.L.str.98
.rodata.str1.1	0x81c823cd	0x8	/local/mnt/workspace/CRMBuilds/e68a4a61-a213-45bf-0ec1-08dc4a24af2c/b/HY11_1/aop_proc/core/settings/pmic/config/palawan/pm_config_dep.o	#SHT_PROGBITS,SHF_ALLOC|SHF_MERGE|SHF_STRINGS,1,/tmp/llvm-lto-884452.o
	0x81c823cd		.L.str.99
.rodata.str1.1	0x81c823d5	0x6	/local/mnt/workspace/CRMBuilds/e68a4a61-a213-45bf-0ec1-08dc4a24af2c/b/HY11_1/aop_proc/core/settings/pmic/config/palawan/pm_config_dep.o	#SHT_PROGBITS,SHF_ALLOC|SHF_MERGE|SHF_STRINGS,1,/tmp/llvm-lto-884452.o
	0x81c823d5		.L.str.100
.rodata.str1.1	0x81c823db	0x6	/local/mnt/workspace/CRMBuilds/e68a4a61-a213-45bf-0ec1-08dc4a24af2c/b/HY11_1/aop_proc/core/settings/pmic/config/palawan/pm_config_dep.o	#SHT_PROGBITS,SHF_ALLOC|SHF_MERGE|SHF_STRINGS,1,/tmp/llvm-lto-884452.o
	0x81c823db		.L.str.101
.rodata.str1.1	0x81c823e1	0x6	/local/mnt/workspace/CRMBuilds/e68a4a61-a213-45bf-0ec1-08dc4a24af2c/b/HY11_1/aop_proc/core/settings/pmic/config/palawan/pm_config_dep.o	#SHT_PROGBITS,SHF_ALLOC|SHF_MERGE|SHF_STRINGS,1,/tmp/llvm-lto-884452.o
	0x81c823e1		.L.str.102
.rodata.str1.1	0x81c823e7	0x7	/local/mnt/workspace/CRMBuilds/e68a4a61-a213-45bf-0ec1-08dc4a24af2c/b/HY11_1/aop_proc/core/settings/pmic/config/palawan/pm_config_dep.o	#SHT_PROGBITS,SHF_ALLOC|SHF_MERGE|SHF_STRINGS,1,/tmp/llvm-lto-884452.o
	0x81c823e7		.L.str.103
*(AOPSS_DEVCFG_CODE_ALL ) #Rule 13, Internal-LinkerScript (Implicit rule inserted by Linker) [0:0]
__aop_devcfg_size_left(0x1dc12) = 0x81ca0000 - .(0x81c823ee); # __aop_devcfg_size_left = 0x81ca0000 - .;

AOPSS_DEVCFG_CODE_ZI	0x81c823ee	0x1dc12 # Offset: 0x33ee, LMA: 0x81c823ee, Alignment: 0x1
PADDING	0x81c823ee	0x1dc12	0x0
	.(0x81ca0000) = .(0x81c823ee) + __aop_devcfg_size_left(0x1dc12); # . = . + __aop_devcfg_size_left;
*(AOPSS_DEVCFG_CODE_ZI ) #Rule 14, Internal-LinkerScript (Implicit rule inserted by Linker) [0:0]
ASSERT(.(0x81ca0000) <= 0x81ca0000, "Overflow past AOP_DEVCFG_END"); # ASSERT(. <= 0x81ca0000, "Overflow past AOP_DEVCFG_END");

.comment	0x33ee	0x5f # Offset: 0x33ee, Alignment: 0x1
*(.comment ) #Rule 19, Internal-LinkerScript (Implicit rule inserted by Linker) [0:0]
.comment	0x33ee	0x38	Linker Version	#SHT_PROGBITS,SHF_MERGE|SHF_STRINGS,1
.comment	0x3426	0x1	/pkg/qct/software/llvm/release/riscv/11.0.4/ubuntu/bin/../bin//../riscv32-unknown-elf/libc/lib/crt1.o	#SHT_PROGBITS,SHF_MERGE|SHF_STRINGS,1
.comment	0x3427	0x26	/pkg/qct/software/llvm/release/riscv/11.0.4/ubuntu/bin/../bin//../riscv32-unknown-elf/libc/lib/crt1.o	#SHT_PROGBITS,SHF_MERGE|SHF_STRINGS,1

.note.GNU-stack	0x344d	0x0 # Offset: 0x344d, Alignment: 0x1
*(.note.GNU-stack ) #Rule 20, Internal-LinkerScript (Implicit rule inserted by Linker) [0:0]

.debug_abbrev	0x344d	0x147 # Offset: 0x344d, Alignment: 0x1
*(.debug_abbrev ) #Rule 21, Internal-LinkerScript (Implicit rule inserted by Linker) [0:0]
.debug_abbrev	0x344d	0x147	/tmp/llvm-lto-884452.o	#SHT_PROGBITS,,1

.debug_info	0x3594	0xed6 # Offset: 0x3594, Alignment: 0x1
*(.debug_info ) #Rule 22, Internal-LinkerScript (Implicit rule inserted by Linker) [0:0]
.debug_info	0x3594	0xed6	/tmp/llvm-lto-884452.o	#SHT_PROGBITS,,1

.debug_str	0x446a	0xb0f # Offset: 0x446a, Alignment: 0x1
*(.debug_str ) #Rule 23, Internal-LinkerScript (Implicit rule inserted by Linker) [0:0]
.debug_str	0x446a	0x26	/tmp/llvm-lto-884452.o	#SHT_PROGBITS,SHF_MERGE|SHF_STRINGS,1
.debug_str	0x4490	0x8b	/tmp/llvm-lto-884452.o	#SHT_PROGBITS,SHF_MERGE|SHF_STRINGS,1
.debug_str	0x451b	0x5c	/tmp/llvm-lto-884452.o	#SHT_PROGBITS,SHF_MERGE|SHF_STRINGS,1
.debug_str	0x4577	0xb	/tmp/llvm-lto-884452.o	#SHT_PROGBITS,SHF_MERGE|SHF_STRINGS,1
.debug_str	0x4582	0xe	/tmp/llvm-lto-884452.o	#SHT_PROGBITS,SHF_MERGE|SHF_STRINGS,1
.debug_str	0x4590	0xd	/tmp/llvm-lto-884452.o	#SHT_PROGBITS,SHF_MERGE|SHF_STRINGS,1
.debug_str	0x459d	0xd	/tmp/llvm-lto-884452.o	#SHT_PROGBITS,SHF_MERGE|SHF_STRINGS,1
.debug_str	0x45aa	0x9	/tmp/llvm-lto-884452.o	#SHT_PROGBITS,SHF_MERGE|SHF_STRINGS,1
.debug_str	0x45b3	0x8	/tmp/llvm-lto-884452.o	#SHT_PROGBITS,SHF_MERGE|SHF_STRINGS,1
.debug_str	0x45bb	0x9	/tmp/llvm-lto-884452.o	#SHT_PROGBITS,SHF_MERGE|SHF_STRINGS,1
.debug_str	0x45c4	0xb	/tmp/llvm-lto-884452.o	#SHT_PROGBITS,SHF_MERGE|SHF_STRINGS,1
.debug_str	0x45cf	0xf	/tmp/llvm-lto-884452.o	#SHT_PROGBITS,SHF_MERGE|SHF_STRINGS,1
.debug_str	0x45de	0x9	/tmp/llvm-lto-884452.o	#SHT_PROGBITS,SHF_MERGE|SHF_STRINGS,1
.debug_str	0x45e7	0x7	/tmp/llvm-lto-884452.o	#SHT_PROGBITS,SHF_MERGE|SHF_STRINGS,1
.debug_str	0x45ee	0xb	/tmp/llvm-lto-884452.o	#SHT_PROGBITS,SHF_MERGE|SHF_STRINGS,1
.debug_str	0x45f9	0x10	/tmp/llvm-lto-884452.o	#SHT_PROGBITS,SHF_MERGE|SHF_STRINGS,1
.debug_str	0x4609	0x18	/tmp/llvm-lto-884452.o	#SHT_PROGBITS,SHF_MERGE|SHF_STRINGS,1
.debug_str	0x4621	0x10	/tmp/llvm-lto-884452.o	#SHT_PROGBITS,SHF_MERGE|SHF_STRINGS,1
.debug_str	0x4631	0x12	/tmp/llvm-lto-884452.o	#SHT_PROGBITS,SHF_MERGE|SHF_STRINGS,1
.debug_str	0x4643	0x17	/tmp/llvm-lto-884452.o	#SHT_PROGBITS,SHF_MERGE|SHF_STRINGS,1
.debug_str	0x465a	0x19	/tmp/llvm-lto-884452.o	#SHT_PROGBITS,SHF_MERGE|SHF_STRINGS,1
.debug_str	0x4673	0x12	/tmp/llvm-lto-884452.o	#SHT_PROGBITS,SHF_MERGE|SHF_STRINGS,1
.debug_str	0x4685	0xe	/tmp/llvm-lto-884452.o	#SHT_PROGBITS,SHF_MERGE|SHF_STRINGS,1
.debug_str	0x4693	0xc	/tmp/llvm-lto-884452.o	#SHT_PROGBITS,SHF_MERGE|SHF_STRINGS,1
.debug_str	0x469f	0xf	/tmp/llvm-lto-884452.o	#SHT_PROGBITS,SHF_MERGE|SHF_STRINGS,1
.debug_str	0x46ae	0xe	/tmp/llvm-lto-884452.o	#SHT_PROGBITS,SHF_MERGE|SHF_STRINGS,1
.debug_str	0x46bc	0xc	/tmp/llvm-lto-884452.o	#SHT_PROGBITS,SHF_MERGE|SHF_STRINGS,1
.debug_str	0x46c8	0xc	/tmp/llvm-lto-884452.o	#SHT_PROGBITS,SHF_MERGE|SHF_STRINGS,1
.debug_str	0x46d4	0xe	/tmp/llvm-lto-884452.o	#SHT_PROGBITS,SHF_MERGE|SHF_STRINGS,1
.debug_str	0x46e2	0x8	/tmp/llvm-lto-884452.o	#SHT_PROGBITS,SHF_MERGE|SHF_STRINGS,1
.debug_str	0x46ea	0x6	/tmp/llvm-lto-884452.o	#SHT_PROGBITS,SHF_MERGE|SHF_STRINGS,1
.debug_str	0x46f0	0xe	/tmp/llvm-lto-884452.o	#SHT_PROGBITS,SHF_MERGE|SHF_STRINGS,1
.debug_str	0x46fe	0xc	/tmp/llvm-lto-884452.o	#SHT_PROGBITS,SHF_MERGE|SHF_STRINGS,1
.debug_str	0x470a	0xb	/tmp/llvm-lto-884452.o	#SHT_PROGBITS,SHF_MERGE|SHF_STRINGS,1
.debug_str	0x4715	0x9	/tmp/llvm-lto-884452.o	#SHT_PROGBITS,SHF_MERGE|SHF_STRINGS,1
.debug_str	0x471e	0x7	/tmp/llvm-lto-884452.o	#SHT_PROGBITS,SHF_MERGE|SHF_STRINGS,1
.debug_str	0x4725	0x9	/tmp/llvm-lto-884452.o	#SHT_PROGBITS,SHF_MERGE|SHF_STRINGS,1
.debug_str	0x472e	0x1b	/tmp/llvm-lto-884452.o	#SHT_PROGBITS,SHF_MERGE|SHF_STRINGS,1
.debug_str	0x4749	0x14	/tmp/llvm-lto-884452.o	#SHT_PROGBITS,SHF_MERGE|SHF_STRINGS,1
.debug_str	0x475d	0xb	/tmp/llvm-lto-884452.o	#SHT_PROGBITS,SHF_MERGE|SHF_STRINGS,1
.debug_str	0x4768	0xb	/tmp/llvm-lto-884452.o	#SHT_PROGBITS,SHF_MERGE|SHF_STRINGS,1
.debug_str	0x4773	0xb	/tmp/llvm-lto-884452.o	#SHT_PROGBITS,SHF_MERGE|SHF_STRINGS,1
.debug_str	0x477e	0xb	/tmp/llvm-lto-884452.o	#SHT_PROGBITS,SHF_MERGE|SHF_STRINGS,1
.debug_str	0x4789	0xb	/tmp/llvm-lto-884452.o	#SHT_PROGBITS,SHF_MERGE|SHF_STRINGS,1
.debug_str	0x4794	0xb	/tmp/llvm-lto-884452.o	#SHT_PROGBITS,SHF_MERGE|SHF_STRINGS,1
.debug_str	0x479f	0xc	/tmp/llvm-lto-884452.o	#SHT_PROGBITS,SHF_MERGE|SHF_STRINGS,1
.debug_str	0x47ab	0xc	/tmp/llvm-lto-884452.o	#SHT_PROGBITS,SHF_MERGE|SHF_STRINGS,1
.debug_str	0x47b7	0xc	/tmp/llvm-lto-884452.o	#SHT_PROGBITS,SHF_MERGE|SHF_STRINGS,1
.debug_str	0x47c3	0xc	/tmp/llvm-lto-884452.o	#SHT_PROGBITS,SHF_MERGE|SHF_STRINGS,1
.debug_str	0x47cf	0xc	/tmp/llvm-lto-884452.o	#SHT_PROGBITS,SHF_MERGE|SHF_STRINGS,1
.debug_str	0x47db	0xc	/tmp/llvm-lto-884452.o	#SHT_PROGBITS,SHF_MERGE|SHF_STRINGS,1
.debug_str	0x47e7	0xb	/tmp/llvm-lto-884452.o	#SHT_PROGBITS,SHF_MERGE|SHF_STRINGS,1
.debug_str	0x47f2	0xb	/tmp/llvm-lto-884452.o	#SHT_PROGBITS,SHF_MERGE|SHF_STRINGS,1
.debug_str	0x47fd	0xe	/tmp/llvm-lto-884452.o	#SHT_PROGBITS,SHF_MERGE|SHF_STRINGS,1
.debug_str	0x480b	0xd	/tmp/llvm-lto-884452.o	#SHT_PROGBITS,SHF_MERGE|SHF_STRINGS,1
.debug_str	0x4818	0xa	/tmp/llvm-lto-884452.o	#SHT_PROGBITS,SHF_MERGE|SHF_STRINGS,1
.debug_str	0x4822	0x15	/tmp/llvm-lto-884452.o	#SHT_PROGBITS,SHF_MERGE|SHF_STRINGS,1
.debug_str	0x4837	0x11	/tmp/llvm-lto-884452.o	#SHT_PROGBITS,SHF_MERGE|SHF_STRINGS,1
.debug_str	0x4848	0x5	/tmp/llvm-lto-884452.o	#SHT_PROGBITS,SHF_MERGE|SHF_STRINGS,1
.debug_str	0x484d	0x5	/tmp/llvm-lto-884452.o	#SHT_PROGBITS,SHF_MERGE|SHF_STRINGS,1
.debug_str	0x4852	0xa	/tmp/llvm-lto-884452.o	#SHT_PROGBITS,SHF_MERGE|SHF_STRINGS,1
.debug_str	0x485c	0xb	/tmp/llvm-lto-884452.o	#SHT_PROGBITS,SHF_MERGE|SHF_STRINGS,1
.debug_str	0x4867	0x13	/tmp/llvm-lto-884452.o	#SHT_PROGBITS,SHF_MERGE|SHF_STRINGS,1
.debug_str	0x487a	0x13	/tmp/llvm-lto-884452.o	#SHT_PROGBITS,SHF_MERGE|SHF_STRINGS,1
.debug_str	0x488d	0x12	/tmp/llvm-lto-884452.o	#SHT_PROGBITS,SHF_MERGE|SHF_STRINGS,1
.debug_str	0x489f	0x12	/tmp/llvm-lto-884452.o	#SHT_PROGBITS,SHF_MERGE|SHF_STRINGS,1
.debug_str	0x48b1	0x11	/tmp/llvm-lto-884452.o	#SHT_PROGBITS,SHF_MERGE|SHF_STRINGS,1
.debug_str	0x48c2	0x12	/tmp/llvm-lto-884452.o	#SHT_PROGBITS,SHF_MERGE|SHF_STRINGS,1
.debug_str	0x48d4	0x19	/tmp/llvm-lto-884452.o	#SHT_PROGBITS,SHF_MERGE|SHF_STRINGS,1
.debug_str	0x48ed	0x13	/tmp/llvm-lto-884452.o	#SHT_PROGBITS,SHF_MERGE|SHF_STRINGS,1
.debug_str	0x4900	0x12	/tmp/llvm-lto-884452.o	#SHT_PROGBITS,SHF_MERGE|SHF_STRINGS,1
.debug_str	0x4912	0x13	/tmp/llvm-lto-884452.o	#SHT_PROGBITS,SHF_MERGE|SHF_STRINGS,1
.debug_str	0x4925	0x13	/tmp/llvm-lto-884452.o	#SHT_PROGBITS,SHF_MERGE|SHF_STRINGS,1
.debug_str	0x4938	0x11	/tmp/llvm-lto-884452.o	#SHT_PROGBITS,SHF_MERGE|SHF_STRINGS,1
.debug_str	0x4949	0x13	/tmp/llvm-lto-884452.o	#SHT_PROGBITS,SHF_MERGE|SHF_STRINGS,1
.debug_str	0x495c	0x13	/tmp/llvm-lto-884452.o	#SHT_PROGBITS,SHF_MERGE|SHF_STRINGS,1
.debug_str	0x496f	0x16	/tmp/llvm-lto-884452.o	#SHT_PROGBITS,SHF_MERGE|SHF_STRINGS,1
.debug_str	0x4985	0x13	/tmp/llvm-lto-884452.o	#SHT_PROGBITS,SHF_MERGE|SHF_STRINGS,1
.debug_str	0x4998	0x9	/tmp/llvm-lto-884452.o	#SHT_PROGBITS,SHF_MERGE|SHF_STRINGS,1
.debug_str	0x49a1	0x7	/tmp/llvm-lto-884452.o	#SHT_PROGBITS,SHF_MERGE|SHF_STRINGS,1
.debug_str	0x49a8	0x8	/tmp/llvm-lto-884452.o	#SHT_PROGBITS,SHF_MERGE|SHF_STRINGS,1
.debug_str	0x49b0	0x9	/tmp/llvm-lto-884452.o	#SHT_PROGBITS,SHF_MERGE|SHF_STRINGS,1
.debug_str	0x49b9	0xe	/tmp/llvm-lto-884452.o	#SHT_PROGBITS,SHF_MERGE|SHF_STRINGS,1
.debug_str	0x49c7	0xc	/tmp/llvm-lto-884452.o	#SHT_PROGBITS,SHF_MERGE|SHF_STRINGS,1
.debug_str	0x49d3	0xc	/tmp/llvm-lto-884452.o	#SHT_PROGBITS,SHF_MERGE|SHF_STRINGS,1
.debug_str	0x49df	0xe	/tmp/llvm-lto-884452.o	#SHT_PROGBITS,SHF_MERGE|SHF_STRINGS,1
.debug_str	0x49ed	0x16	/tmp/llvm-lto-884452.o	#SHT_PROGBITS,SHF_MERGE|SHF_STRINGS,1
.debug_str	0x4a03	0x1d	/tmp/llvm-lto-884452.o	#SHT_PROGBITS,SHF_MERGE|SHF_STRINGS,1
.debug_str	0x4a20	0x7	/tmp/llvm-lto-884452.o	#SHT_PROGBITS,SHF_MERGE|SHF_STRINGS,1
.debug_str	0x4a27	0x9	/tmp/llvm-lto-884452.o	#SHT_PROGBITS,SHF_MERGE|SHF_STRINGS,1
.debug_str	0x4a30	0x7	/tmp/llvm-lto-884452.o	#SHT_PROGBITS,SHF_MERGE|SHF_STRINGS,1
.debug_str	0x4a37	0x8	/tmp/llvm-lto-884452.o	#SHT_PROGBITS,SHF_MERGE|SHF_STRINGS,1
.debug_str	0x4a3f	0xd	/tmp/llvm-lto-884452.o	#SHT_PROGBITS,SHF_MERGE|SHF_STRINGS,1
.debug_str	0x4a4c	0xb	/tmp/llvm-lto-884452.o	#SHT_PROGBITS,SHF_MERGE|SHF_STRINGS,1
.debug_str	0x4a57	0x1b	/tmp/llvm-lto-884452.o	#SHT_PROGBITS,SHF_MERGE|SHF_STRINGS,1
.debug_str	0x4a72	0x13	/tmp/llvm-lto-884452.o	#SHT_PROGBITS,SHF_MERGE|SHF_STRINGS,1
.debug_str	0x4a85	0xb	/tmp/llvm-lto-884452.o	#SHT_PROGBITS,SHF_MERGE|SHF_STRINGS,1
.debug_str	0x4a90	0xc	/tmp/llvm-lto-884452.o	#SHT_PROGBITS,SHF_MERGE|SHF_STRINGS,1
.debug_str	0x4a9c	0xb	/tmp/llvm-lto-884452.o	#SHT_PROGBITS,SHF_MERGE|SHF_STRINGS,1
.debug_str	0x4aa7	0x10	/tmp/llvm-lto-884452.o	#SHT_PROGBITS,SHF_MERGE|SHF_STRINGS,1
.debug_str	0x4ab7	0x9	/tmp/llvm-lto-884452.o	#SHT_PROGBITS,SHF_MERGE|SHF_STRINGS,1
.debug_str	0x4ac0	0xa	/tmp/llvm-lto-884452.o	#SHT_PROGBITS,SHF_MERGE|SHF_STRINGS,1
.debug_str	0x4aca	0x9	/tmp/llvm-lto-884452.o	#SHT_PROGBITS,SHF_MERGE|SHF_STRINGS,1
.debug_str	0x4ad3	0x9	/tmp/llvm-lto-884452.o	#SHT_PROGBITS,SHF_MERGE|SHF_STRINGS,1
.debug_str	0x4adc	0xa	/tmp/llvm-lto-884452.o	#SHT_PROGBITS,SHF_MERGE|SHF_STRINGS,1
.debug_str	0x4ae6	0xc	/tmp/llvm-lto-884452.o	#SHT_PROGBITS,SHF_MERGE|SHF_STRINGS,1
.debug_str	0x4af2	0x11	/tmp/llvm-lto-884452.o	#SHT_PROGBITS,SHF_MERGE|SHF_STRINGS,1
.debug_str	0x4b03	0x16	/tmp/llvm-lto-884452.o	#SHT_PROGBITS,SHF_MERGE|SHF_STRINGS,1
.debug_str	0x4b19	0x88	/tmp/llvm-lto-884452.o	#SHT_PROGBITS,SHF_MERGE|SHF_STRINGS,1
.debug_str	0x4ba1	0x12	/tmp/llvm-lto-884452.o	#SHT_PROGBITS,SHF_MERGE|SHF_STRINGS,1
.debug_str	0x4bb3	0xb	/tmp/llvm-lto-884452.o	#SHT_PROGBITS,SHF_MERGE|SHF_STRINGS,1
.debug_str	0x4bbe	0x10	/tmp/llvm-lto-884452.o	#SHT_PROGBITS,SHF_MERGE|SHF_STRINGS,1
.debug_str	0x4bce	0x12	/tmp/llvm-lto-884452.o	#SHT_PROGBITS,SHF_MERGE|SHF_STRINGS,1
.debug_str	0x4be0	0x12	/tmp/llvm-lto-884452.o	#SHT_PROGBITS,SHF_MERGE|SHF_STRINGS,1
.debug_str	0x4bf2	0xa	/tmp/llvm-lto-884452.o	#SHT_PROGBITS,SHF_MERGE|SHF_STRINGS,1
.debug_str	0x4bfc	0x7	/tmp/llvm-lto-884452.o	#SHT_PROGBITS,SHF_MERGE|SHF_STRINGS,1
.debug_str	0x4c03	0x9	/tmp/llvm-lto-884452.o	#SHT_PROGBITS,SHF_MERGE|SHF_STRINGS,1
.debug_str	0x4c0c	0xf	/tmp/llvm-lto-884452.o	#SHT_PROGBITS,SHF_MERGE|SHF_STRINGS,1
.debug_str	0x4c1b	0xe	/tmp/llvm-lto-884452.o	#SHT_PROGBITS,SHF_MERGE|SHF_STRINGS,1
.debug_str	0x4c29	0x20	/tmp/llvm-lto-884452.o	#SHT_PROGBITS,SHF_MERGE|SHF_STRINGS,1
.debug_str	0x4c49	0xa	/tmp/llvm-lto-884452.o	#SHT_PROGBITS,SHF_MERGE|SHF_STRINGS,1
.debug_str	0x4c53	0xa	/tmp/llvm-lto-884452.o	#SHT_PROGBITS,SHF_MERGE|SHF_STRINGS,1
.debug_str	0x4c5d	0xa	/tmp/llvm-lto-884452.o	#SHT_PROGBITS,SHF_MERGE|SHF_STRINGS,1
.debug_str	0x4c67	0xa	/tmp/llvm-lto-884452.o	#SHT_PROGBITS,SHF_MERGE|SHF_STRINGS,1
.debug_str	0x4c71	0xa	/tmp/llvm-lto-884452.o	#SHT_PROGBITS,SHF_MERGE|SHF_STRINGS,1
.debug_str	0x4c7b	0xa	/tmp/llvm-lto-884452.o	#SHT_PROGBITS,SHF_MERGE|SHF_STRINGS,1
.debug_str	0x4c85	0xa	/tmp/llvm-lto-884452.o	#SHT_PROGBITS,SHF_MERGE|SHF_STRINGS,1
.debug_str	0x4c8f	0xb	/tmp/llvm-lto-884452.o	#SHT_PROGBITS,SHF_MERGE|SHF_STRINGS,1
.debug_str	0x4c9a	0xb	/tmp/llvm-lto-884452.o	#SHT_PROGBITS,SHF_MERGE|SHF_STRINGS,1
.debug_str	0x4ca5	0xb	/tmp/llvm-lto-884452.o	#SHT_PROGBITS,SHF_MERGE|SHF_STRINGS,1
.debug_str	0x4cb0	0xb	/tmp/llvm-lto-884452.o	#SHT_PROGBITS,SHF_MERGE|SHF_STRINGS,1
.debug_str	0x4cbb	0xb	/tmp/llvm-lto-884452.o	#SHT_PROGBITS,SHF_MERGE|SHF_STRINGS,1
.debug_str	0x4cc6	0xb	/tmp/llvm-lto-884452.o	#SHT_PROGBITS,SHF_MERGE|SHF_STRINGS,1
.debug_str	0x4cd1	0x9	/tmp/llvm-lto-884452.o	#SHT_PROGBITS,SHF_MERGE|SHF_STRINGS,1
.debug_str	0x4cda	0x8	/tmp/llvm-lto-884452.o	#SHT_PROGBITS,SHF_MERGE|SHF_STRINGS,1
.debug_str	0x4ce2	0x8	/tmp/llvm-lto-884452.o	#SHT_PROGBITS,SHF_MERGE|SHF_STRINGS,1
.debug_str	0x4cea	0x8	/tmp/llvm-lto-884452.o	#SHT_PROGBITS,SHF_MERGE|SHF_STRINGS,1
.debug_str	0x4cf2	0x7	/tmp/llvm-lto-884452.o	#SHT_PROGBITS,SHF_MERGE|SHF_STRINGS,1
.debug_str	0x4cf9	0xa	/tmp/llvm-lto-884452.o	#SHT_PROGBITS,SHF_MERGE|SHF_STRINGS,1
.debug_str	0x4d03	0x9	/tmp/llvm-lto-884452.o	#SHT_PROGBITS,SHF_MERGE|SHF_STRINGS,1
.debug_str	0x4d0c	0x9	/tmp/llvm-lto-884452.o	#SHT_PROGBITS,SHF_MERGE|SHF_STRINGS,1
.debug_str	0x4d15	0x9	/tmp/llvm-lto-884452.o	#SHT_PROGBITS,SHF_MERGE|SHF_STRINGS,1
.debug_str	0x4d1e	0x6	/tmp/llvm-lto-884452.o	#SHT_PROGBITS,SHF_MERGE|SHF_STRINGS,1
.debug_str	0x4d24	0x6	/tmp/llvm-lto-884452.o	#SHT_PROGBITS,SHF_MERGE|SHF_STRINGS,1
.debug_str	0x4d2a	0x6	/tmp/llvm-lto-884452.o	#SHT_PROGBITS,SHF_MERGE|SHF_STRINGS,1
.debug_str	0x4d30	0x6	/tmp/llvm-lto-884452.o	#SHT_PROGBITS,SHF_MERGE|SHF_STRINGS,1
.debug_str	0x4d36	0x6	/tmp/llvm-lto-884452.o	#SHT_PROGBITS,SHF_MERGE|SHF_STRINGS,1
.debug_str	0x4d3c	0x6	/tmp/llvm-lto-884452.o	#SHT_PROGBITS,SHF_MERGE|SHF_STRINGS,1
.debug_str	0x4d42	0x11	/tmp/llvm-lto-884452.o	#SHT_PROGBITS,SHF_MERGE|SHF_STRINGS,1
.debug_str	0x4d53	0x7	/tmp/llvm-lto-884452.o	#SHT_PROGBITS,SHF_MERGE|SHF_STRINGS,1
.debug_str	0x4d5a	0x6	/tmp/llvm-lto-884452.o	#SHT_PROGBITS,SHF_MERGE|SHF_STRINGS,1
.debug_str	0x4d60	0x7	/tmp/llvm-lto-884452.o	#SHT_PROGBITS,SHF_MERGE|SHF_STRINGS,1
.debug_str	0x4d67	0x7	/tmp/llvm-lto-884452.o	#SHT_PROGBITS,SHF_MERGE|SHF_STRINGS,1
.debug_str	0x4d6e	0x7	/tmp/llvm-lto-884452.o	#SHT_PROGBITS,SHF_MERGE|SHF_STRINGS,1
.debug_str	0x4d75	0x7	/tmp/llvm-lto-884452.o	#SHT_PROGBITS,SHF_MERGE|SHF_STRINGS,1
.debug_str	0x4d7c	0x7	/tmp/llvm-lto-884452.o	#SHT_PROGBITS,SHF_MERGE|SHF_STRINGS,1
.debug_str	0x4d83	0x6	/tmp/llvm-lto-884452.o	#SHT_PROGBITS,SHF_MERGE|SHF_STRINGS,1
.debug_str	0x4d89	0x75	/tmp/llvm-lto-884452.o	#SHT_PROGBITS,SHF_MERGE|SHF_STRINGS,1
.debug_str	0x4dfe	0xf	/tmp/llvm-lto-884452.o	#SHT_PROGBITS,SHF_MERGE|SHF_STRINGS,1
.debug_str	0x4e0d	0x80	/tmp/llvm-lto-884452.o	#SHT_PROGBITS,SHF_MERGE|SHF_STRINGS,1
.debug_str	0x4e8d	0xe	/tmp/llvm-lto-884452.o	#SHT_PROGBITS,SHF_MERGE|SHF_STRINGS,1
.debug_str	0x4e9b	0x8	/tmp/llvm-lto-884452.o	#SHT_PROGBITS,SHF_MERGE|SHF_STRINGS,1
.debug_str	0x4ea3	0x9	/tmp/llvm-lto-884452.o	#SHT_PROGBITS,SHF_MERGE|SHF_STRINGS,1
.debug_str	0x4eac	0x10	/tmp/llvm-lto-884452.o	#SHT_PROGBITS,SHF_MERGE|SHF_STRINGS,1
.debug_str	0x4ebc	0xd	/tmp/llvm-lto-884452.o	#SHT_PROGBITS,SHF_MERGE|SHF_STRINGS,1
.debug_str	0x4ec9	0xd	/tmp/llvm-lto-884452.o	#SHT_PROGBITS,SHF_MERGE|SHF_STRINGS,1
.debug_str	0x4ed6	0x11	/tmp/llvm-lto-884452.o	#SHT_PROGBITS,SHF_MERGE|SHF_STRINGS,1
.debug_str	0x4ee7	0x8	/tmp/llvm-lto-884452.o	#SHT_PROGBITS,SHF_MERGE|SHF_STRINGS,1
.debug_str	0x4eef	0xa	/tmp/llvm-lto-884452.o	#SHT_PROGBITS,SHF_MERGE|SHF_STRINGS,1
.debug_str	0x4ef9	0x15	/tmp/llvm-lto-884452.o	#SHT_PROGBITS,SHF_MERGE|SHF_STRINGS,1
.debug_str	0x4f0e	0x6	/tmp/llvm-lto-884452.o	#SHT_PROGBITS,SHF_MERGE|SHF_STRINGS,1
.debug_str	0x4f14	0xe	/tmp/llvm-lto-884452.o	#SHT_PROGBITS,SHF_MERGE|SHF_STRINGS,1
.debug_str	0x4f22	0xf	/tmp/llvm-lto-884452.o	#SHT_PROGBITS,SHF_MERGE|SHF_STRINGS,1
.debug_str	0x4f31	0x9	/tmp/llvm-lto-884452.o	#SHT_PROGBITS,SHF_MERGE|SHF_STRINGS,1
.debug_str	0x4f3a	0xc	/tmp/llvm-lto-884452.o	#SHT_PROGBITS,SHF_MERGE|SHF_STRINGS,1
.debug_str	0x4f46	0x7	/tmp/llvm-lto-884452.o	#SHT_PROGBITS,SHF_MERGE|SHF_STRINGS,1
.debug_str	0x4f4d	0x11	/tmp/llvm-lto-884452.o	#SHT_PROGBITS,SHF_MERGE|SHF_STRINGS,1
.debug_str	0x4f5e	0x12	/tmp/llvm-lto-884452.o	#SHT_PROGBITS,SHF_MERGE|SHF_STRINGS,1
.debug_str	0x4f70	0x5	/tmp/llvm-lto-884452.o	#SHT_PROGBITS,SHF_MERGE|SHF_STRINGS,1
.debug_str	0x4f75	0x4	/tmp/llvm-lto-884452.o	#SHT_PROGBITS,SHF_MERGE|SHF_STRINGS,1

.debug_frame	0x4f7c	0x20 # Offset: 0x4f7c, Alignment: 0x4
*(.debug_frame ) #Rule 24, Internal-LinkerScript (Implicit rule inserted by Linker) [0:0]
.debug_frame	0x4f7c	0x20	/tmp/llvm-lto-884452.o	#SHT_PROGBITS,,4

.debug_line	0x4f9c	0x424 # Offset: 0x4f9c, Alignment: 0x1
*(.debug_line ) #Rule 25, Internal-LinkerScript (Implicit rule inserted by Linker) [0:0]
.debug_line	0x4f9c	0x424	/tmp/llvm-lto-884452.o	#SHT_PROGBITS,,1
	0x0		.Lline_table_start0
	0x199		.Lline_table_start1
	0x277		.Lline_table_start2
	0x360		.Lline_table_start3

/DISCARD/	0x81ca1fcf	0x0 # Offset: 0x53c0, LMA: 0x0, Alignment: 0x1
*(.ARM.extab* ) #Rule 15, /local/mnt/workspace/CRMBuilds/e68a4a61-a213-45bf-0ec1-08dc4a24af2c/b/HY11_1/aop_proc/core/bsp/aop/build/AOP_AAAAANAZO_devcfg.scl [0:0]
*(.ARM.exid* ) #Rule 16, /local/mnt/workspace/CRMBuilds/e68a4a61-a213-45bf-0ec1-08dc4a24af2c/b/HY11_1/aop_proc/core/bsp/aop/build/AOP_AAAAANAZO_devcfg.scl [0:0]
*(.got ) #Rule 17, /local/mnt/workspace/CRMBuilds/e68a4a61-a213-45bf-0ec1-08dc4a24af2c/b/HY11_1/aop_proc/core/bsp/aop/build/AOP_AAAAANAZO_devcfg.scl [1:0]
*(/DISCARD/ ) #Rule 18, Internal-LinkerScript (Implicit rule inserted by Linker) [0:0]

.shstrtab	0x53c0	0xba # Offset: 0x53c0, Alignment: 0x1

.symtab	0x547c	0x1320 # Offset: 0x547c, Alignment: 0x4

.strtab	0x679c	0x5e1 # Offset: 0x679c, Alignment: 0x1
